Archive member included to satisfy reference by file (symbol)

/home/joaomateus/gcc-arm-none-eabi-9-2020-q2-update/bin/../lib/gcc/arm-none-eabi/9.3.1/thumb/v6-m/nofp/libgcc.a(_udivsi3.o)
                              SYSTEM~1.o (__aeabi_uidiv)
/home/joaomateus/gcc-arm-none-eabi-9-2020-q2-update/bin/../lib/gcc/arm-none-eabi/9.3.1/thumb/v6-m/nofp/libgcc.a(_divsi3.o)
                              uart.o (__aeabi_idiv)
/home/joaomateus/gcc-arm-none-eabi-9-2020-q2-update/bin/../lib/gcc/arm-none-eabi/9.3.1/thumb/v6-m/nofp/libgcc.a(_dvmd_tls.o)
                              /home/joaomateus/gcc-arm-none-eabi-9-2020-q2-update/bin/../lib/gcc/arm-none-eabi/9.3.1/thumb/v6-m/nofp/libgcc.a(_udivsi3.o) (__aeabi_idiv0)

Discarded input sections

 .data          0x0000000000000000        0x0 main.o
 .bss           0x0000000000000000        0x0 main.o
 .text          0x0000000000000000       0xd2 core_cm0.o
 .data          0x0000000000000000        0x0 core_cm0.o
 .bss           0x0000000000000000        0x0 core_cm0.o
 .debug_info    0x0000000000000000      0x2fb core_cm0.o
 .debug_abbrev  0x0000000000000000       0xeb core_cm0.o
 .debug_loc     0x0000000000000000       0xe0 core_cm0.o
 .debug_aranges
                0x0000000000000000       0x20 core_cm0.o
 .debug_line    0x0000000000000000      0x196 core_cm0.o
 .debug_str     0x0000000000000000      0x24f core_cm0.o
 .comment       0x0000000000000000       0x4d core_cm0.o
 .debug_frame   0x0000000000000000       0xdc core_cm0.o
 .ARM.attributes
                0x0000000000000000       0x2c core_cm0.o
 .data          0x0000000000000000        0x0 crt.o
 .bss           0x0000000000000000        0x0 crt.o
 .data          0x0000000000000000        0x0 vtable.o
 .bss           0x0000000000000000        0x0 vtable.o
 .bss           0x0000000000000000        0x0 SYSTEM~1.o
 .data          0x0000000000000000        0x0 gpio.o
 .bss           0x0000000000000000        0x0 gpio.o
 .text          0x0000000000000000        0x0 adc.o
 .data          0x0000000000000000        0x0 adc.o
 .bss           0x0000000000000000        0x0 adc.o
 .debug_line    0x0000000000000000        0x0 adc.o
 .debug_str     0x0000000000000000       0xc2 adc.o
 .comment       0x0000000000000000       0x4d adc.o
 .ARM.attributes
                0x0000000000000000       0x31 adc.o
 .text          0x0000000000000000        0x0 pwm.o
 .data          0x0000000000000000        0x0 pwm.o
 .bss           0x0000000000000000        0x0 pwm.o
 .debug_line    0x0000000000000000        0x0 pwm.o
 .debug_str     0x0000000000000000       0xc2 pwm.o
 .comment       0x0000000000000000       0x4d pwm.o
 .ARM.attributes
                0x0000000000000000       0x31 pwm.o
 .text          0x0000000000000000        0x0 timer.o
 .data          0x0000000000000000        0x0 timer.o
 .bss           0x0000000000000000        0x0 timer.o
 .debug_line    0x0000000000000000        0x0 timer.o
 .debug_str     0x0000000000000000       0xc4 timer.o
 .comment       0x0000000000000000       0x4d timer.o
 .ARM.attributes
                0x0000000000000000       0x31 timer.o
 .data          0x0000000000000000        0x0 uart.o
 .bss           0x0000000000000000        0x0 uart.o
 .data          0x0000000000000000        0x0 /home/joaomateus/gcc-arm-none-eabi-9-2020-q2-update/bin/../lib/gcc/arm-none-eabi/9.3.1/thumb/v6-m/nofp/libgcc.a(_udivsi3.o)
 .bss           0x0000000000000000        0x0 /home/joaomateus/gcc-arm-none-eabi-9-2020-q2-update/bin/../lib/gcc/arm-none-eabi/9.3.1/thumb/v6-m/nofp/libgcc.a(_udivsi3.o)
 .data          0x0000000000000000        0x0 /home/joaomateus/gcc-arm-none-eabi-9-2020-q2-update/bin/../lib/gcc/arm-none-eabi/9.3.1/thumb/v6-m/nofp/libgcc.a(_divsi3.o)
 .bss           0x0000000000000000        0x0 /home/joaomateus/gcc-arm-none-eabi-9-2020-q2-update/bin/../lib/gcc/arm-none-eabi/9.3.1/thumb/v6-m/nofp/libgcc.a(_divsi3.o)
 .data          0x0000000000000000        0x0 /home/joaomateus/gcc-arm-none-eabi-9-2020-q2-update/bin/../lib/gcc/arm-none-eabi/9.3.1/thumb/v6-m/nofp/libgcc.a(_dvmd_tls.o)
 .bss           0x0000000000000000        0x0 /home/joaomateus/gcc-arm-none-eabi-9-2020-q2-update/bin/../lib/gcc/arm-none-eabi/9.3.1/thumb/v6-m/nofp/libgcc.a(_dvmd_tls.o)

Memory Configuration

Name             Origin             Length             Attributes
FLASH            0x0000000000000000 0x0000000000008000 xr
RAM              0x0000000010000000 0x0000000000001000 rw
*default*        0x0000000000000000 0xffffffffffffffff

Linker script and memory map

START GROUP
END GROUP
LOAD main.o
LOAD core_cm0.o
LOAD crt.o
LOAD vtable.o
LOAD SYSTEM~1.o
LOAD gpio.o
LOAD adc.o
LOAD pwm.o
LOAD timer.o
LOAD uart.o
START GROUP
LOAD /home/joaomateus/gcc-arm-none-eabi-9-2020-q2-update/bin/../lib/gcc/arm-none-eabi/9.3.1/thumb/v6-m/nofp/libgcc.a
LOAD /home/joaomateus/gcc-arm-none-eabi-9-2020-q2-update/bin/../lib/gcc/arm-none-eabi/9.3.1/../../../../arm-none-eabi/lib/thumb/v6-m/nofp/libc.a
END GROUP
START GROUP
LOAD /home/joaomateus/gcc-arm-none-eabi-9-2020-q2-update/bin/../lib/gcc/arm-none-eabi/9.3.1/thumb/v6-m/nofp/libgcc.a
LOAD /home/joaomateus/gcc-arm-none-eabi-9-2020-q2-update/bin/../lib/gcc/arm-none-eabi/9.3.1/../../../../arm-none-eabi/lib/thumb/v6-m/nofp/libc.a
LOAD /home/joaomateus/gcc-arm-none-eabi-9-2020-q2-update/bin/../lib/gcc/arm-none-eabi/9.3.1/../../../../arm-none-eabi/lib/thumb/v6-m/nofp/libnosys.a
END GROUP

.text           0x0000000000000000      0xb94
                0x0000000000000000                _stext = .
 CREATE_OBJECT_SYMBOLS
 *(.vectors)
 .vectors       0x0000000000000000       0xc0 vtable.o
                0x0000000000000000                gVectors
 *(.text)
 .text          0x00000000000000c0       0x34 main.o
                0x00000000000000c0                main
 .text          0x00000000000000f4       0x70 crt.o
                0x00000000000000f8                ResetHandler
 .text          0x0000000000000164        0x8 vtable.o
                0x0000000000000164                NMI_Handler
                0x0000000000000166                HardFault_Handler
                0x0000000000000168                IntDefaultHandler
 .text          0x000000000000016c      0x304 SYSTEM~1.o
                0x0000000000000172                SystemCoreClockUpdate
                0x0000000000000394                SystemInit
 .text          0x0000000000000470      0x2bc gpio.o
                0x0000000000000470                init_GPIO
                0x0000000000000488                set_DIR
                0x00000000000005a8                write_digital_gpio
                0x00000000000006c4                read_digital_gpio
 .text          0x000000000000072c      0x13c uart.o
                0x000000000000072c                init_UART
                0x00000000000007a4                send_UART
                0x00000000000007cc                recv_UART
                0x00000000000007f8                printf_int
 .text          0x0000000000000868      0x114 /home/joaomateus/gcc-arm-none-eabi-9-2020-q2-update/bin/../lib/gcc/arm-none-eabi/9.3.1/thumb/v6-m/nofp/libgcc.a(_udivsi3.o)
                0x0000000000000868                __udivsi3
                0x0000000000000868                __aeabi_uidiv
                0x0000000000000974                __aeabi_uidivmod
 .text          0x000000000000097c      0x1d4 /home/joaomateus/gcc-arm-none-eabi-9-2020-q2-update/bin/../lib/gcc/arm-none-eabi/9.3.1/thumb/v6-m/nofp/libgcc.a(_divsi3.o)
                0x000000000000097c                __aeabi_idiv
                0x000000000000097c                __divsi3
                0x0000000000000b48                __aeabi_idivmod
 .text          0x0000000000000b50        0x4 /home/joaomateus/gcc-arm-none-eabi-9-2020-q2-update/bin/../lib/gcc/arm-none-eabi/9.3.1/thumb/v6-m/nofp/libgcc.a(_dvmd_tls.o)
                0x0000000000000b50                __aeabi_ldiv0
                0x0000000000000b50                __aeabi_idiv0
 *(.text.*)
                0x0000000000000b54                . = ALIGN (0x4)
 *(.rodata)
 .rodata        0x0000000000000b54       0x40 SYSTEM~1.o
 *(.rodata.*)
                0x0000000000000b94                . = ALIGN (0x4)
                0x0000000000000b94                _etext = .

.glue_7         0x0000000000000b94        0x0
 .glue_7        0x0000000000000b94        0x0 linker stubs

.glue_7t        0x0000000000000b94        0x0
 .glue_7t       0x0000000000000b94        0x0 linker stubs

.vfp11_veneer   0x0000000000000b94        0x0
 .vfp11_veneer  0x0000000000000b94        0x0 linker stubs

.v4_bx          0x0000000000000b94        0x0
 .v4_bx         0x0000000000000b94        0x0 linker stubs

.iplt           0x0000000000000b94        0x0
 .iplt          0x0000000000000b94        0x0 main.o

.rel.dyn        0x0000000000000b94        0x0
 .rel.iplt      0x0000000000000b94        0x0 main.o

.data           0x0000000010000000        0x4 load address 0x0000000000000b94
                0x0000000010000000                . = ALIGN (0x4)
                0x0000000010000000                _sdata = .
 *(.data)
 .data          0x0000000010000000        0x4 SYSTEM~1.o
                0x0000000010000000                SystemCoreClock
 *(.data.*)
                0x0000000010000004                . = ALIGN (0x4)
 *(.fastrun)
 *(.fastrun.*)
                0x0000000010000004                . = ALIGN (0x4)
                0x0000000010000004                _edata = .

.igot.plt       0x0000000010000004        0x0 load address 0x0000000000000b98
 .igot.plt      0x0000000010000004        0x0 main.o

.bss            0x0000000010000004        0x0
                0x0000000010000004                . = ALIGN (0x4)
                0x0000000010000004                _sbss = .
 *(.bss)
 *(.bss.*)
                0x0000000010000004                . = ALIGN (0x4)
                0x0000000010000004                _ebss = .
                0x0000000010001000                _estack = (ORIGIN (RAM) + LENGTH (RAM))
OUTPUT(Debug.elf elf32-littlearm)
LOAD linker stubs

.debug_info     0x0000000000000000     0x2b20
 .debug_info    0x0000000000000000      0xa36 main.o
 .debug_info    0x0000000000000a36      0x13c crt.o
 .debug_info    0x0000000000000b72       0xb9 vtable.o
 .debug_info    0x0000000000000c2b      0x4ed SYSTEM~1.o
 .debug_info    0x0000000000001118     0x1007 gpio.o
 .debug_info    0x000000000000211f      0xa01 uart.o

.debug_abbrev   0x0000000000000000      0x7c8
 .debug_abbrev  0x0000000000000000      0x1af main.o
 .debug_abbrev  0x00000000000001af       0x9c crt.o
 .debug_abbrev  0x000000000000024b       0x88 vtable.o
 .debug_abbrev  0x00000000000002d3       0xef SYSTEM~1.o
 .debug_abbrev  0x00000000000003c2      0x265 gpio.o
 .debug_abbrev  0x0000000000000627      0x1a1 uart.o

.debug_loc      0x0000000000000000      0x195
 .debug_loc     0x0000000000000000       0x20 main.o
 .debug_loc     0x0000000000000020       0x2c crt.o
 .debug_loc     0x000000000000004c       0x58 SYSTEM~1.o
 .debug_loc     0x00000000000000a4       0x84 gpio.o
 .debug_loc     0x0000000000000128       0x6d uart.o

.debug_aranges  0x0000000000000000       0xc0
 .debug_aranges
                0x0000000000000000       0x20 main.o
 .debug_aranges
                0x0000000000000020       0x20 crt.o
 .debug_aranges
                0x0000000000000040       0x20 vtable.o
 .debug_aranges
                0x0000000000000060       0x20 SYSTEM~1.o
 .debug_aranges
                0x0000000000000080       0x20 gpio.o
 .debug_aranges
                0x00000000000000a0       0x20 uart.o

.debug_line     0x0000000000000000      0xb7a
 .debug_line    0x0000000000000000      0x1ba main.o
 .debug_line    0x00000000000001ba      0x13f crt.o
 .debug_line    0x00000000000002f9       0x55 vtable.o
 .debug_line    0x000000000000034e      0x361 SYSTEM~1.o
 .debug_line    0x00000000000006af      0x327 gpio.o
 .debug_line    0x00000000000009d6      0x1a4 uart.o

.debug_str      0x0000000000000000      0xab9
 .debug_str     0x0000000000000000      0x4f8 main.o
                                        0x559 (size before relaxing)
 .debug_str     0x00000000000004f8       0x5c crt.o
                                        0x1a9 (size before relaxing)
 .debug_str     0x0000000000000554       0x45 vtable.o
                                        0x121 (size before relaxing)
 .debug_str     0x0000000000000599      0x280 SYSTEM~1.o
                                        0x3e8 (size before relaxing)
 .debug_str     0x0000000000000819       0x82 gpio.o
                                        0x807 (size before relaxing)
 .debug_str     0x000000000000089b      0x21e uart.o
                                        0x5c6 (size before relaxing)

.comment        0x0000000000000000       0x4c
 .comment       0x0000000000000000       0x4c main.o
                                         0x4d (size before relaxing)
 .comment       0x000000000000004c       0x4d crt.o
 .comment       0x000000000000004c       0x4d vtable.o
 .comment       0x000000000000004c       0x4d SYSTEM~1.o
 .comment       0x000000000000004c       0x4d gpio.o
 .comment       0x000000000000004c       0x4d uart.o

.ARM.attributes
                0x0000000000000000       0x2c
 .ARM.attributes
                0x0000000000000000       0x2c main.o
 .ARM.attributes
                0x000000000000002c       0x2c crt.o
 .ARM.attributes
                0x0000000000000058       0x2c vtable.o
 .ARM.attributes
                0x0000000000000084       0x2c SYSTEM~1.o
 .ARM.attributes
                0x00000000000000b0       0x2c gpio.o
 .ARM.attributes
                0x00000000000000dc       0x2c uart.o
 .ARM.attributes
                0x0000000000000108       0x1e /home/joaomateus/gcc-arm-none-eabi-9-2020-q2-update/bin/../lib/gcc/arm-none-eabi/9.3.1/thumb/v6-m/nofp/libgcc.a(_udivsi3.o)
 .ARM.attributes
                0x0000000000000126       0x1e /home/joaomateus/gcc-arm-none-eabi-9-2020-q2-update/bin/../lib/gcc/arm-none-eabi/9.3.1/thumb/v6-m/nofp/libgcc.a(_divsi3.o)
 .ARM.attributes
                0x0000000000000144       0x1e /home/joaomateus/gcc-arm-none-eabi-9-2020-q2-update/bin/../lib/gcc/arm-none-eabi/9.3.1/thumb/v6-m/nofp/libgcc.a(_dvmd_tls.o)

.debug_frame    0x0000000000000000      0x210
 .debug_frame   0x0000000000000000       0x28 main.o
 .debug_frame   0x0000000000000028       0x38 crt.o
 .debug_frame   0x0000000000000060       0x40 vtable.o
 .debug_frame   0x00000000000000a0       0x50 SYSTEM~1.o
 .debug_frame   0x00000000000000f0       0x7c gpio.o
 .debug_frame   0x000000000000016c       0x64 uart.o
 .debug_frame   0x00000000000001d0       0x20 /home/joaomateus/gcc-arm-none-eabi-9-2020-q2-update/bin/../lib/gcc/arm-none-eabi/9.3.1/thumb/v6-m/nofp/libgcc.a(_udivsi3.o)
 .debug_frame   0x00000000000001f0       0x20 /home/joaomateus/gcc-arm-none-eabi-9-2020-q2-update/bin/../lib/gcc/arm-none-eabi/9.3.1/thumb/v6-m/nofp/libgcc.a(_divsi3.o)

Cross Reference Table

Symbol                                            File
HardFault_Handler                                 vtable.o
IntDefaultHandler                                 vtable.o
NMI_Handler                                       vtable.o
ResetHandler                                      crt.o
                                                  vtable.o
SystemCoreClock                                   SYSTEM~1.o
SystemCoreClockUpdate                             SYSTEM~1.o
SystemInit                                        SYSTEM~1.o
                                                  crt.o
__REV                                             core_cm0.o
__REV16                                           core_cm0.o
__REVSH                                           core_cm0.o
__aeabi_idiv                                      /home/joaomateus/gcc-arm-none-eabi-9-2020-q2-update/bin/../lib/gcc/arm-none-eabi/9.3.1/thumb/v6-m/nofp/libgcc.a(_divsi3.o)
                                                  uart.o
__aeabi_idiv0                                     /home/joaomateus/gcc-arm-none-eabi-9-2020-q2-update/bin/../lib/gcc/arm-none-eabi/9.3.1/thumb/v6-m/nofp/libgcc.a(_dvmd_tls.o)
                                                  /home/joaomateus/gcc-arm-none-eabi-9-2020-q2-update/bin/../lib/gcc/arm-none-eabi/9.3.1/thumb/v6-m/nofp/libgcc.a(_divsi3.o)
                                                  /home/joaomateus/gcc-arm-none-eabi-9-2020-q2-update/bin/../lib/gcc/arm-none-eabi/9.3.1/thumb/v6-m/nofp/libgcc.a(_udivsi3.o)
__aeabi_idivmod                                   /home/joaomateus/gcc-arm-none-eabi-9-2020-q2-update/bin/../lib/gcc/arm-none-eabi/9.3.1/thumb/v6-m/nofp/libgcc.a(_divsi3.o)
                                                  uart.o
__aeabi_ldiv0                                     /home/joaomateus/gcc-arm-none-eabi-9-2020-q2-update/bin/../lib/gcc/arm-none-eabi/9.3.1/thumb/v6-m/nofp/libgcc.a(_dvmd_tls.o)
__aeabi_uidiv                                     /home/joaomateus/gcc-arm-none-eabi-9-2020-q2-update/bin/../lib/gcc/arm-none-eabi/9.3.1/thumb/v6-m/nofp/libgcc.a(_udivsi3.o)
                                                  SYSTEM~1.o
__aeabi_uidivmod                                  /home/joaomateus/gcc-arm-none-eabi-9-2020-q2-update/bin/../lib/gcc/arm-none-eabi/9.3.1/thumb/v6-m/nofp/libgcc.a(_udivsi3.o)
                                                  gpio.o
__divsi3                                          /home/joaomateus/gcc-arm-none-eabi-9-2020-q2-update/bin/../lib/gcc/arm-none-eabi/9.3.1/thumb/v6-m/nofp/libgcc.a(_divsi3.o)
__get_CONTROL                                     core_cm0.o
__get_MSP                                         core_cm0.o
__get_PRIMASK                                     core_cm0.o
__get_PSP                                         core_cm0.o
__set_CONTROL                                     core_cm0.o
__set_MSP                                         core_cm0.o
__set_PRIMASK                                     core_cm0.o
__set_PSP                                         core_cm0.o
__udivsi3                                         /home/joaomateus/gcc-arm-none-eabi-9-2020-q2-update/bin/../lib/gcc/arm-none-eabi/9.3.1/thumb/v6-m/nofp/libgcc.a(_udivsi3.o)
_ebss                                             crt.o
_edata                                            crt.o
_estack                                           vtable.o
_etext                                            crt.o
_sbss                                             crt.o
_sdata                                            crt.o
_stext                                            crt.o
gVectors                                          vtable.o
init_GPIO                                         gpio.o
                                                  main.o
init_UART                                         uart.o
                                                  main.o
main                                              main.o
                                                  crt.o
printf_int                                        uart.o
                                                  main.o
read_digital_gpio                                 gpio.o
                                                  main.o
recv_UART                                         uart.o
send_UART                                         uart.o
set_DIR                                           gpio.o
                                                  main.o
write_digital_gpio                                gpio.o
