Archive member included to satisfy reference by file (symbol)

/home/joaomateus/gcc-arm-none-eabi-9-2020-q2-update/bin/../lib/gcc/arm-none-eabi/9.3.1/thumb/v6-m/nofp/libgcc.a(_udivsi3.o)
                              SYSTEM~1.o (__aeabi_uidiv)
/home/joaomateus/gcc-arm-none-eabi-9-2020-q2-update/bin/../lib/gcc/arm-none-eabi/9.3.1/thumb/v6-m/nofp/libgcc.a(_divsi3.o)
                              uart.o (__aeabi_idiv)
/home/joaomateus/gcc-arm-none-eabi-9-2020-q2-update/bin/../lib/gcc/arm-none-eabi/9.3.1/thumb/v6-m/nofp/libgcc.a(_dvmd_tls.o)
                              /home/joaomateus/gcc-arm-none-eabi-9-2020-q2-update/bin/../lib/gcc/arm-none-eabi/9.3.1/thumb/v6-m/nofp/libgcc.a(_udivsi3.o) (__aeabi_idiv0)
/home/joaomateus/gcc-arm-none-eabi-9-2020-q2-update/bin/../lib/gcc/arm-none-eabi/9.3.1/thumb/v6-m/nofp/libgcc.a(_arm_cmpdf2.o)
                              uart.o (__aeabi_dcmpgt)
/home/joaomateus/gcc-arm-none-eabi-9-2020-q2-update/bin/../lib/gcc/arm-none-eabi/9.3.1/thumb/v6-m/nofp/libgcc.a(_arm_cmpsf2.o)
                              uart.o (__aeabi_fcmpeq)
/home/joaomateus/gcc-arm-none-eabi-9-2020-q2-update/bin/../lib/gcc/arm-none-eabi/9.3.1/thumb/v6-m/nofp/libgcc.a(eqsf2.o)
                              /home/joaomateus/gcc-arm-none-eabi-9-2020-q2-update/bin/../lib/gcc/arm-none-eabi/9.3.1/thumb/v6-m/nofp/libgcc.a(_arm_cmpsf2.o) (__eqsf2)
/home/joaomateus/gcc-arm-none-eabi-9-2020-q2-update/bin/../lib/gcc/arm-none-eabi/9.3.1/thumb/v6-m/nofp/libgcc.a(gesf2.o)
                              /home/joaomateus/gcc-arm-none-eabi-9-2020-q2-update/bin/../lib/gcc/arm-none-eabi/9.3.1/thumb/v6-m/nofp/libgcc.a(_arm_cmpsf2.o) (__gesf2)
/home/joaomateus/gcc-arm-none-eabi-9-2020-q2-update/bin/../lib/gcc/arm-none-eabi/9.3.1/thumb/v6-m/nofp/libgcc.a(lesf2.o)
                              /home/joaomateus/gcc-arm-none-eabi-9-2020-q2-update/bin/../lib/gcc/arm-none-eabi/9.3.1/thumb/v6-m/nofp/libgcc.a(_arm_cmpsf2.o) (__lesf2)
/home/joaomateus/gcc-arm-none-eabi-9-2020-q2-update/bin/../lib/gcc/arm-none-eabi/9.3.1/thumb/v6-m/nofp/libgcc.a(subsf3.o)
                              uart.o (__aeabi_fsub)
/home/joaomateus/gcc-arm-none-eabi-9-2020-q2-update/bin/../lib/gcc/arm-none-eabi/9.3.1/thumb/v6-m/nofp/libgcc.a(fixsfsi.o)
                              uart.o (__aeabi_f2iz)
/home/joaomateus/gcc-arm-none-eabi-9-2020-q2-update/bin/../lib/gcc/arm-none-eabi/9.3.1/thumb/v6-m/nofp/libgcc.a(floatsisf.o)
                              uart.o (__aeabi_i2f)
/home/joaomateus/gcc-arm-none-eabi-9-2020-q2-update/bin/../lib/gcc/arm-none-eabi/9.3.1/thumb/v6-m/nofp/libgcc.a(divdf3.o)
                              uart.o (__aeabi_ddiv)
/home/joaomateus/gcc-arm-none-eabi-9-2020-q2-update/bin/../lib/gcc/arm-none-eabi/9.3.1/thumb/v6-m/nofp/libgcc.a(eqdf2.o)
                              /home/joaomateus/gcc-arm-none-eabi-9-2020-q2-update/bin/../lib/gcc/arm-none-eabi/9.3.1/thumb/v6-m/nofp/libgcc.a(_arm_cmpdf2.o) (__eqdf2)
/home/joaomateus/gcc-arm-none-eabi-9-2020-q2-update/bin/../lib/gcc/arm-none-eabi/9.3.1/thumb/v6-m/nofp/libgcc.a(gedf2.o)
                              /home/joaomateus/gcc-arm-none-eabi-9-2020-q2-update/bin/../lib/gcc/arm-none-eabi/9.3.1/thumb/v6-m/nofp/libgcc.a(_arm_cmpdf2.o) (__gedf2)
/home/joaomateus/gcc-arm-none-eabi-9-2020-q2-update/bin/../lib/gcc/arm-none-eabi/9.3.1/thumb/v6-m/nofp/libgcc.a(ledf2.o)
                              /home/joaomateus/gcc-arm-none-eabi-9-2020-q2-update/bin/../lib/gcc/arm-none-eabi/9.3.1/thumb/v6-m/nofp/libgcc.a(_arm_cmpdf2.o) (__ledf2)
/home/joaomateus/gcc-arm-none-eabi-9-2020-q2-update/bin/../lib/gcc/arm-none-eabi/9.3.1/thumb/v6-m/nofp/libgcc.a(muldf3.o)
                              uart.o (__aeabi_dmul)
/home/joaomateus/gcc-arm-none-eabi-9-2020-q2-update/bin/../lib/gcc/arm-none-eabi/9.3.1/thumb/v6-m/nofp/libgcc.a(fixdfsi.o)
                              uart.o (__aeabi_d2iz)
/home/joaomateus/gcc-arm-none-eabi-9-2020-q2-update/bin/../lib/gcc/arm-none-eabi/9.3.1/thumb/v6-m/nofp/libgcc.a(floatsidf.o)
                              uart.o (__aeabi_i2d)
/home/joaomateus/gcc-arm-none-eabi-9-2020-q2-update/bin/../lib/gcc/arm-none-eabi/9.3.1/thumb/v6-m/nofp/libgcc.a(extendsfdf2.o)
                              uart.o (__aeabi_f2d)
/home/joaomateus/gcc-arm-none-eabi-9-2020-q2-update/bin/../lib/gcc/arm-none-eabi/9.3.1/thumb/v6-m/nofp/libgcc.a(truncdfsf2.o)
                              uart.o (__aeabi_d2f)
/home/joaomateus/gcc-arm-none-eabi-9-2020-q2-update/bin/../lib/gcc/arm-none-eabi/9.3.1/thumb/v6-m/nofp/libgcc.a(_clzsi2.o)
                              /home/joaomateus/gcc-arm-none-eabi-9-2020-q2-update/bin/../lib/gcc/arm-none-eabi/9.3.1/thumb/v6-m/nofp/libgcc.a(subsf3.o) (__clzsi2)

Discarded input sections

 .data          0x0000000000000000        0x0 main.o
 .bss           0x0000000000000000        0x0 main.o
 .text          0x0000000000000000       0xd2 core_cm0.o
 .data          0x0000000000000000        0x0 core_cm0.o
 .bss           0x0000000000000000        0x0 core_cm0.o
 .debug_info    0x0000000000000000      0x2fb core_cm0.o
 .debug_abbrev  0x0000000000000000       0xeb core_cm0.o
 .debug_loc     0x0000000000000000       0xe0 core_cm0.o
 .debug_aranges
                0x0000000000000000       0x20 core_cm0.o
 .debug_line    0x0000000000000000      0x196 core_cm0.o
 .debug_str     0x0000000000000000      0x24f core_cm0.o
 .comment       0x0000000000000000       0x4d core_cm0.o
 .debug_frame   0x0000000000000000       0xdc core_cm0.o
 .ARM.attributes
                0x0000000000000000       0x2c core_cm0.o
 .data          0x0000000000000000        0x0 crt.o
 .bss           0x0000000000000000        0x0 crt.o
 .data          0x0000000000000000        0x0 vtable.o
 .bss           0x0000000000000000        0x0 vtable.o
 .bss           0x0000000000000000        0x0 SYSTEM~1.o
 .data          0x0000000000000000        0x0 gpio.o
 .bss           0x0000000000000000        0x0 gpio.o
 .data          0x0000000000000000        0x0 adc.o
 .bss           0x0000000000000000        0x0 adc.o
 .text          0x0000000000000000       0x40 pwm.o
 .data          0x0000000000000000        0x0 pwm.o
 .bss           0x0000000000000000        0x0 pwm.o
 .debug_info    0x0000000000000000      0x7e1 pwm.o
 .debug_abbrev  0x0000000000000000       0xd3 pwm.o
 .debug_aranges
                0x0000000000000000       0x20 pwm.o
 .debug_line    0x0000000000000000      0x13c pwm.o
 .debug_str     0x0000000000000000      0x566 pwm.o
 .comment       0x0000000000000000       0x4d pwm.o
 .debug_frame   0x0000000000000000       0x20 pwm.o
 .ARM.attributes
                0x0000000000000000       0x2c pwm.o
 .text          0x0000000000000000       0x60 timer.o
 .data          0x0000000000000000        0x0 timer.o
 .bss           0x0000000000000000        0x0 timer.o
 .debug_info    0x0000000000000000      0x645 timer.o
 .debug_abbrev  0x0000000000000000      0x111 timer.o
 .debug_loc     0x0000000000000000       0x20 timer.o
 .debug_aranges
                0x0000000000000000       0x20 timer.o
 .debug_line    0x0000000000000000      0x171 timer.o
 .debug_str     0x0000000000000000      0x425 timer.o
 .comment       0x0000000000000000       0x4d timer.o
 .debug_frame   0x0000000000000000       0x34 timer.o
 .ARM.attributes
                0x0000000000000000       0x2c timer.o
 .data          0x0000000000000000        0x0 uart.o
 .bss           0x0000000000000000        0x0 uart.o
 .data          0x0000000000000000        0x0 /home/joaomateus/gcc-arm-none-eabi-9-2020-q2-update/bin/../lib/gcc/arm-none-eabi/9.3.1/thumb/v6-m/nofp/libgcc.a(_udivsi3.o)
 .bss           0x0000000000000000        0x0 /home/joaomateus/gcc-arm-none-eabi-9-2020-q2-update/bin/../lib/gcc/arm-none-eabi/9.3.1/thumb/v6-m/nofp/libgcc.a(_udivsi3.o)
 .data          0x0000000000000000        0x0 /home/joaomateus/gcc-arm-none-eabi-9-2020-q2-update/bin/../lib/gcc/arm-none-eabi/9.3.1/thumb/v6-m/nofp/libgcc.a(_divsi3.o)
 .bss           0x0000000000000000        0x0 /home/joaomateus/gcc-arm-none-eabi-9-2020-q2-update/bin/../lib/gcc/arm-none-eabi/9.3.1/thumb/v6-m/nofp/libgcc.a(_divsi3.o)
 .data          0x0000000000000000        0x0 /home/joaomateus/gcc-arm-none-eabi-9-2020-q2-update/bin/../lib/gcc/arm-none-eabi/9.3.1/thumb/v6-m/nofp/libgcc.a(_dvmd_tls.o)
 .bss           0x0000000000000000        0x0 /home/joaomateus/gcc-arm-none-eabi-9-2020-q2-update/bin/../lib/gcc/arm-none-eabi/9.3.1/thumb/v6-m/nofp/libgcc.a(_dvmd_tls.o)
 .data          0x0000000000000000        0x0 /home/joaomateus/gcc-arm-none-eabi-9-2020-q2-update/bin/../lib/gcc/arm-none-eabi/9.3.1/thumb/v6-m/nofp/libgcc.a(_arm_cmpdf2.o)
 .bss           0x0000000000000000        0x0 /home/joaomateus/gcc-arm-none-eabi-9-2020-q2-update/bin/../lib/gcc/arm-none-eabi/9.3.1/thumb/v6-m/nofp/libgcc.a(_arm_cmpdf2.o)
 .data          0x0000000000000000        0x0 /home/joaomateus/gcc-arm-none-eabi-9-2020-q2-update/bin/../lib/gcc/arm-none-eabi/9.3.1/thumb/v6-m/nofp/libgcc.a(_arm_cmpsf2.o)
 .bss           0x0000000000000000        0x0 /home/joaomateus/gcc-arm-none-eabi-9-2020-q2-update/bin/../lib/gcc/arm-none-eabi/9.3.1/thumb/v6-m/nofp/libgcc.a(_arm_cmpsf2.o)
 .data          0x0000000000000000        0x0 /home/joaomateus/gcc-arm-none-eabi-9-2020-q2-update/bin/../lib/gcc/arm-none-eabi/9.3.1/thumb/v6-m/nofp/libgcc.a(eqsf2.o)
 .bss           0x0000000000000000        0x0 /home/joaomateus/gcc-arm-none-eabi-9-2020-q2-update/bin/../lib/gcc/arm-none-eabi/9.3.1/thumb/v6-m/nofp/libgcc.a(eqsf2.o)
 .data          0x0000000000000000        0x0 /home/joaomateus/gcc-arm-none-eabi-9-2020-q2-update/bin/../lib/gcc/arm-none-eabi/9.3.1/thumb/v6-m/nofp/libgcc.a(gesf2.o)
 .bss           0x0000000000000000        0x0 /home/joaomateus/gcc-arm-none-eabi-9-2020-q2-update/bin/../lib/gcc/arm-none-eabi/9.3.1/thumb/v6-m/nofp/libgcc.a(gesf2.o)
 .data          0x0000000000000000        0x0 /home/joaomateus/gcc-arm-none-eabi-9-2020-q2-update/bin/../lib/gcc/arm-none-eabi/9.3.1/thumb/v6-m/nofp/libgcc.a(lesf2.o)
 .bss           0x0000000000000000        0x0 /home/joaomateus/gcc-arm-none-eabi-9-2020-q2-update/bin/../lib/gcc/arm-none-eabi/9.3.1/thumb/v6-m/nofp/libgcc.a(lesf2.o)
 .data          0x0000000000000000        0x0 /home/joaomateus/gcc-arm-none-eabi-9-2020-q2-update/bin/../lib/gcc/arm-none-eabi/9.3.1/thumb/v6-m/nofp/libgcc.a(subsf3.o)
 .bss           0x0000000000000000        0x0 /home/joaomateus/gcc-arm-none-eabi-9-2020-q2-update/bin/../lib/gcc/arm-none-eabi/9.3.1/thumb/v6-m/nofp/libgcc.a(subsf3.o)
 .data          0x0000000000000000        0x0 /home/joaomateus/gcc-arm-none-eabi-9-2020-q2-update/bin/../lib/gcc/arm-none-eabi/9.3.1/thumb/v6-m/nofp/libgcc.a(fixsfsi.o)
 .bss           0x0000000000000000        0x0 /home/joaomateus/gcc-arm-none-eabi-9-2020-q2-update/bin/../lib/gcc/arm-none-eabi/9.3.1/thumb/v6-m/nofp/libgcc.a(fixsfsi.o)
 .data          0x0000000000000000        0x0 /home/joaomateus/gcc-arm-none-eabi-9-2020-q2-update/bin/../lib/gcc/arm-none-eabi/9.3.1/thumb/v6-m/nofp/libgcc.a(floatsisf.o)
 .bss           0x0000000000000000        0x0 /home/joaomateus/gcc-arm-none-eabi-9-2020-q2-update/bin/../lib/gcc/arm-none-eabi/9.3.1/thumb/v6-m/nofp/libgcc.a(floatsisf.o)
 .data          0x0000000000000000        0x0 /home/joaomateus/gcc-arm-none-eabi-9-2020-q2-update/bin/../lib/gcc/arm-none-eabi/9.3.1/thumb/v6-m/nofp/libgcc.a(divdf3.o)
 .bss           0x0000000000000000        0x0 /home/joaomateus/gcc-arm-none-eabi-9-2020-q2-update/bin/../lib/gcc/arm-none-eabi/9.3.1/thumb/v6-m/nofp/libgcc.a(divdf3.o)
 .data          0x0000000000000000        0x0 /home/joaomateus/gcc-arm-none-eabi-9-2020-q2-update/bin/../lib/gcc/arm-none-eabi/9.3.1/thumb/v6-m/nofp/libgcc.a(eqdf2.o)
 .bss           0x0000000000000000        0x0 /home/joaomateus/gcc-arm-none-eabi-9-2020-q2-update/bin/../lib/gcc/arm-none-eabi/9.3.1/thumb/v6-m/nofp/libgcc.a(eqdf2.o)
 .data          0x0000000000000000        0x0 /home/joaomateus/gcc-arm-none-eabi-9-2020-q2-update/bin/../lib/gcc/arm-none-eabi/9.3.1/thumb/v6-m/nofp/libgcc.a(gedf2.o)
 .bss           0x0000000000000000        0x0 /home/joaomateus/gcc-arm-none-eabi-9-2020-q2-update/bin/../lib/gcc/arm-none-eabi/9.3.1/thumb/v6-m/nofp/libgcc.a(gedf2.o)
 .data          0x0000000000000000        0x0 /home/joaomateus/gcc-arm-none-eabi-9-2020-q2-update/bin/../lib/gcc/arm-none-eabi/9.3.1/thumb/v6-m/nofp/libgcc.a(ledf2.o)
 .bss           0x0000000000000000        0x0 /home/joaomateus/gcc-arm-none-eabi-9-2020-q2-update/bin/../lib/gcc/arm-none-eabi/9.3.1/thumb/v6-m/nofp/libgcc.a(ledf2.o)
 .data          0x0000000000000000        0x0 /home/joaomateus/gcc-arm-none-eabi-9-2020-q2-update/bin/../lib/gcc/arm-none-eabi/9.3.1/thumb/v6-m/nofp/libgcc.a(muldf3.o)
 .bss           0x0000000000000000        0x0 /home/joaomateus/gcc-arm-none-eabi-9-2020-q2-update/bin/../lib/gcc/arm-none-eabi/9.3.1/thumb/v6-m/nofp/libgcc.a(muldf3.o)
 .data          0x0000000000000000        0x0 /home/joaomateus/gcc-arm-none-eabi-9-2020-q2-update/bin/../lib/gcc/arm-none-eabi/9.3.1/thumb/v6-m/nofp/libgcc.a(fixdfsi.o)
 .bss           0x0000000000000000        0x0 /home/joaomateus/gcc-arm-none-eabi-9-2020-q2-update/bin/../lib/gcc/arm-none-eabi/9.3.1/thumb/v6-m/nofp/libgcc.a(fixdfsi.o)
 .data          0x0000000000000000        0x0 /home/joaomateus/gcc-arm-none-eabi-9-2020-q2-update/bin/../lib/gcc/arm-none-eabi/9.3.1/thumb/v6-m/nofp/libgcc.a(floatsidf.o)
 .bss           0x0000000000000000        0x0 /home/joaomateus/gcc-arm-none-eabi-9-2020-q2-update/bin/../lib/gcc/arm-none-eabi/9.3.1/thumb/v6-m/nofp/libgcc.a(floatsidf.o)
 .data          0x0000000000000000        0x0 /home/joaomateus/gcc-arm-none-eabi-9-2020-q2-update/bin/../lib/gcc/arm-none-eabi/9.3.1/thumb/v6-m/nofp/libgcc.a(extendsfdf2.o)
 .bss           0x0000000000000000        0x0 /home/joaomateus/gcc-arm-none-eabi-9-2020-q2-update/bin/../lib/gcc/arm-none-eabi/9.3.1/thumb/v6-m/nofp/libgcc.a(extendsfdf2.o)
 .data          0x0000000000000000        0x0 /home/joaomateus/gcc-arm-none-eabi-9-2020-q2-update/bin/../lib/gcc/arm-none-eabi/9.3.1/thumb/v6-m/nofp/libgcc.a(truncdfsf2.o)
 .bss           0x0000000000000000        0x0 /home/joaomateus/gcc-arm-none-eabi-9-2020-q2-update/bin/../lib/gcc/arm-none-eabi/9.3.1/thumb/v6-m/nofp/libgcc.a(truncdfsf2.o)
 .data          0x0000000000000000        0x0 /home/joaomateus/gcc-arm-none-eabi-9-2020-q2-update/bin/../lib/gcc/arm-none-eabi/9.3.1/thumb/v6-m/nofp/libgcc.a(_clzsi2.o)
 .bss           0x0000000000000000        0x0 /home/joaomateus/gcc-arm-none-eabi-9-2020-q2-update/bin/../lib/gcc/arm-none-eabi/9.3.1/thumb/v6-m/nofp/libgcc.a(_clzsi2.o)

Memory Configuration

Name             Origin             Length             Attributes
FLASH            0x0000000000000000 0x0000000000008000 xr
RAM              0x0000000010000000 0x0000000000001000 rw
*default*        0x0000000000000000 0xffffffffffffffff

Linker script and memory map

LOAD /home/joaomateus/gcc-arm-none-eabi-9-2020-q2-update/bin/../lib/gcc/arm-none-eabi/9.3.1/../../../../arm-none-eabi/lib/thumb/v6-m/nofp/libm.a
START GROUP
END GROUP
LOAD main.o
LOAD core_cm0.o
LOAD crt.o
LOAD vtable.o
LOAD SYSTEM~1.o
LOAD gpio.o
LOAD adc.o
LOAD pwm.o
LOAD timer.o
LOAD uart.o
START GROUP
LOAD /home/joaomateus/gcc-arm-none-eabi-9-2020-q2-update/bin/../lib/gcc/arm-none-eabi/9.3.1/thumb/v6-m/nofp/libgcc.a
LOAD /home/joaomateus/gcc-arm-none-eabi-9-2020-q2-update/bin/../lib/gcc/arm-none-eabi/9.3.1/../../../../arm-none-eabi/lib/thumb/v6-m/nofp/libc.a
END GROUP

.text           0x0000000000000000     0x2644
                0x0000000000000000                _stext = .
 CREATE_OBJECT_SYMBOLS
 *(.vectors)
 .vectors       0x0000000000000000       0xc0 vtable.o
                0x0000000000000000                gVectors
 *(.text)
 .text          0x00000000000000c0       0x90 main.o
                0x00000000000000c0                main
 .text          0x0000000000000150       0x70 crt.o
                0x0000000000000154                ResetHandler
 .text          0x00000000000001c0        0x8 vtable.o
                0x00000000000001c0                NMI_Handler
                0x00000000000001c2                HardFault_Handler
                0x00000000000001c4                IntDefaultHandler
 .text          0x00000000000001c8      0x304 SYSTEM~1.o
                0x00000000000001ce                SystemCoreClockUpdate
                0x00000000000003f0                SystemInit
 .text          0x00000000000004cc      0x2bc gpio.o
                0x00000000000004cc                init_GPIO
                0x00000000000004e4                set_DIR
                0x0000000000000604                write_digital_gpio
                0x0000000000000720                read_digital_gpio
 .text          0x0000000000000788      0x15c adc.o
                0x0000000000000788                init_ADC
                0x00000000000007b8                start_ADC
                0x000000000000087c                select_ADC_channel
                0x00000000000008a0                read_ADC
 .text          0x00000000000008e4      0x348 uart.o
                0x00000000000008e4                init_UART
                0x000000000000095c                send_UART
                0x000000000000098c                recv_UART
                0x00000000000009b8                printf_int
                0x0000000000000a5a                printf_string
                0x0000000000000a92                printf_float
                0x0000000000000bc8                expoente
 .text          0x0000000000000c2c      0x114 /home/joaomateus/gcc-arm-none-eabi-9-2020-q2-update/bin/../lib/gcc/arm-none-eabi/9.3.1/thumb/v6-m/nofp/libgcc.a(_udivsi3.o)
                0x0000000000000c2c                __udivsi3
                0x0000000000000c2c                __aeabi_uidiv
                0x0000000000000d38                __aeabi_uidivmod
 .text          0x0000000000000d40      0x1d4 /home/joaomateus/gcc-arm-none-eabi-9-2020-q2-update/bin/../lib/gcc/arm-none-eabi/9.3.1/thumb/v6-m/nofp/libgcc.a(_divsi3.o)
                0x0000000000000d40                __aeabi_idiv
                0x0000000000000d40                __divsi3
                0x0000000000000f0c                __aeabi_idivmod
 .text          0x0000000000000f14        0x4 /home/joaomateus/gcc-arm-none-eabi-9-2020-q2-update/bin/../lib/gcc/arm-none-eabi/9.3.1/thumb/v6-m/nofp/libgcc.a(_dvmd_tls.o)
                0x0000000000000f14                __aeabi_ldiv0
                0x0000000000000f14                __aeabi_idiv0
 .text          0x0000000000000f18       0x7c /home/joaomateus/gcc-arm-none-eabi-9-2020-q2-update/bin/../lib/gcc/arm-none-eabi/9.3.1/thumb/v6-m/nofp/libgcc.a(_arm_cmpdf2.o)
                0x0000000000000f18                __aeabi_cdrcmple
                0x0000000000000f28                __aeabi_cdcmple
                0x0000000000000f28                __aeabi_cdcmpeq
                0x0000000000000f38                __aeabi_dcmpeq
                0x0000000000000f44                __aeabi_dcmplt
                0x0000000000000f58                __aeabi_dcmple
                0x0000000000000f6c                __aeabi_dcmpgt
                0x0000000000000f80                __aeabi_dcmpge
 .text          0x0000000000000f94       0x74 /home/joaomateus/gcc-arm-none-eabi-9-2020-q2-update/bin/../lib/gcc/arm-none-eabi/9.3.1/thumb/v6-m/nofp/libgcc.a(_arm_cmpsf2.o)
                0x0000000000000f94                __aeabi_cfrcmple
                0x0000000000000f9c                __aeabi_cfcmple
                0x0000000000000f9c                __aeabi_cfcmpeq
                0x0000000000000fac                __aeabi_fcmpeq
                0x0000000000000fb8                __aeabi_fcmplt
                0x0000000000000fcc                __aeabi_fcmple
                0x0000000000000fe0                __aeabi_fcmpgt
                0x0000000000000ff4                __aeabi_fcmpge
 .text          0x0000000000001008       0x50 /home/joaomateus/gcc-arm-none-eabi-9-2020-q2-update/bin/../lib/gcc/arm-none-eabi/9.3.1/thumb/v6-m/nofp/libgcc.a(eqsf2.o)
                0x0000000000001008                __nesf2
                0x0000000000001008                __eqsf2
 .text          0x0000000000001058       0x98 /home/joaomateus/gcc-arm-none-eabi-9-2020-q2-update/bin/../lib/gcc/arm-none-eabi/9.3.1/thumb/v6-m/nofp/libgcc.a(gesf2.o)
                0x0000000000001058                __gtsf2
                0x0000000000001058                __gesf2
 .text          0x00000000000010f0       0x94 /home/joaomateus/gcc-arm-none-eabi-9-2020-q2-update/bin/../lib/gcc/arm-none-eabi/9.3.1/thumb/v6-m/nofp/libgcc.a(lesf2.o)
                0x00000000000010f0                __lesf2
                0x00000000000010f0                __ltsf2
 .text          0x0000000000001184      0x390 /home/joaomateus/gcc-arm-none-eabi-9-2020-q2-update/bin/../lib/gcc/arm-none-eabi/9.3.1/thumb/v6-m/nofp/libgcc.a(subsf3.o)
                0x0000000000001184                __aeabi_fsub
 .text          0x0000000000001514       0x40 /home/joaomateus/gcc-arm-none-eabi-9-2020-q2-update/bin/../lib/gcc/arm-none-eabi/9.3.1/thumb/v6-m/nofp/libgcc.a(fixsfsi.o)
                0x0000000000001514                __aeabi_f2iz
 .text          0x0000000000001554       0x8c /home/joaomateus/gcc-arm-none-eabi-9-2020-q2-update/bin/../lib/gcc/arm-none-eabi/9.3.1/thumb/v6-m/nofp/libgcc.a(floatsisf.o)
                0x0000000000001554                __aeabi_i2f
 .text          0x00000000000015e0      0x5d0 /home/joaomateus/gcc-arm-none-eabi-9-2020-q2-update/bin/../lib/gcc/arm-none-eabi/9.3.1/thumb/v6-m/nofp/libgcc.a(divdf3.o)
                0x00000000000015e0                __aeabi_ddiv
 .text          0x0000000000001bb0       0x78 /home/joaomateus/gcc-arm-none-eabi-9-2020-q2-update/bin/../lib/gcc/arm-none-eabi/9.3.1/thumb/v6-m/nofp/libgcc.a(eqdf2.o)
                0x0000000000001bb0                __eqdf2
                0x0000000000001bb0                __nedf2
 .text          0x0000000000001c28       0xe4 /home/joaomateus/gcc-arm-none-eabi-9-2020-q2-update/bin/../lib/gcc/arm-none-eabi/9.3.1/thumb/v6-m/nofp/libgcc.a(gedf2.o)
                0x0000000000001c28                __gtdf2
                0x0000000000001c28                __gedf2
 .text          0x0000000000001d0c       0xe0 /home/joaomateus/gcc-arm-none-eabi-9-2020-q2-update/bin/../lib/gcc/arm-none-eabi/9.3.1/thumb/v6-m/nofp/libgcc.a(ledf2.o)
                0x0000000000001d0c                __ltdf2
                0x0000000000001d0c                __ledf2
 .text          0x0000000000001dec      0x4d8 /home/joaomateus/gcc-arm-none-eabi-9-2020-q2-update/bin/../lib/gcc/arm-none-eabi/9.3.1/thumb/v6-m/nofp/libgcc.a(muldf3.o)
                0x0000000000001dec                __aeabi_dmul
 .text          0x00000000000022c4       0x6c /home/joaomateus/gcc-arm-none-eabi-9-2020-q2-update/bin/../lib/gcc/arm-none-eabi/9.3.1/thumb/v6-m/nofp/libgcc.a(fixdfsi.o)
                0x00000000000022c4                __aeabi_d2iz
 .text          0x0000000000002330       0x60 /home/joaomateus/gcc-arm-none-eabi-9-2020-q2-update/bin/../lib/gcc/arm-none-eabi/9.3.1/thumb/v6-m/nofp/libgcc.a(floatsidf.o)
                0x0000000000002330                __aeabi_i2d
 .text          0x0000000000002390       0x90 /home/joaomateus/gcc-arm-none-eabi-9-2020-q2-update/bin/../lib/gcc/arm-none-eabi/9.3.1/thumb/v6-m/nofp/libgcc.a(extendsfdf2.o)
                0x0000000000002390                __aeabi_f2d
 .text          0x0000000000002420      0x110 /home/joaomateus/gcc-arm-none-eabi-9-2020-q2-update/bin/../lib/gcc/arm-none-eabi/9.3.1/thumb/v6-m/nofp/libgcc.a(truncdfsf2.o)
                0x0000000000002420                __aeabi_d2f
 .text          0x0000000000002530       0x3c /home/joaomateus/gcc-arm-none-eabi-9-2020-q2-update/bin/../lib/gcc/arm-none-eabi/9.3.1/thumb/v6-m/nofp/libgcc.a(_clzsi2.o)
                0x0000000000002530                __clzsi2
 *(.text.*)
                0x000000000000256c                . = ALIGN (0x4)
 *(.rodata)
 .rodata        0x000000000000256c       0x40 SYSTEM~1.o
 .rodata        0x00000000000025ac       0x14 adc.o
 .rodata        0x00000000000025c0        0x4 uart.o
 .rodata        0x00000000000025c4       0x40 /home/joaomateus/gcc-arm-none-eabi-9-2020-q2-update/bin/../lib/gcc/arm-none-eabi/9.3.1/thumb/v6-m/nofp/libgcc.a(divdf3.o)
 .rodata        0x0000000000002604       0x40 /home/joaomateus/gcc-arm-none-eabi-9-2020-q2-update/bin/../lib/gcc/arm-none-eabi/9.3.1/thumb/v6-m/nofp/libgcc.a(muldf3.o)
 *(.rodata.*)
                0x0000000000002644                . = ALIGN (0x4)
                0x0000000000002644                _etext = .

.glue_7         0x0000000000002644        0x0
 .glue_7        0x0000000000002644        0x0 linker stubs

.glue_7t        0x0000000000002644        0x0
 .glue_7t       0x0000000000002644        0x0 linker stubs

.vfp11_veneer   0x0000000000002644        0x0
 .vfp11_veneer  0x0000000000002644        0x0 linker stubs

.v4_bx          0x0000000000002644        0x0
 .v4_bx         0x0000000000002644        0x0 linker stubs

.iplt           0x0000000000002644        0x0
 .iplt          0x0000000000002644        0x0 main.o

.rel.dyn        0x0000000000002644        0x0
 .rel.iplt      0x0000000000002644        0x0 main.o

.data           0x0000000010000000        0x4 load address 0x0000000000002644
                0x0000000010000000                . = ALIGN (0x4)
                0x0000000010000000                _sdata = .
 *(.data)
 .data          0x0000000010000000        0x4 SYSTEM~1.o
                0x0000000010000000                SystemCoreClock
 *(.data.*)
                0x0000000010000004                . = ALIGN (0x4)
 *(.fastrun)
 *(.fastrun.*)
                0x0000000010000004                . = ALIGN (0x4)
                0x0000000010000004                _edata = .

.igot.plt       0x0000000010000004        0x0 load address 0x0000000000002648
 .igot.plt      0x0000000010000004        0x0 main.o

.bss            0x0000000010000004        0x0
                0x0000000010000004                . = ALIGN (0x4)
                0x0000000010000004                _sbss = .
 *(.bss)
 *(.bss.*)
                0x0000000010000004                . = ALIGN (0x4)
                0x0000000010000004                _ebss = .
                0x0000000010001000                _estack = (ORIGIN (RAM) + LENGTH (RAM))
OUTPUT(Debug.elf elf32-littlearm)
LOAD linker stubs

.debug_info     0x0000000000000000     0x48ac
 .debug_info    0x0000000000000000     0x12e1 main.o
 .debug_info    0x00000000000012e1      0x13c crt.o
 .debug_info    0x000000000000141d       0xb9 vtable.o
 .debug_info    0x00000000000014d6      0x54d SYSTEM~1.o
 .debug_info    0x0000000000001a23     0x1067 gpio.o
 .debug_info    0x0000000000002a8a      0x8ee adc.o
 .debug_info    0x0000000000003378     0x1534 uart.o

.debug_abbrev   0x0000000000000000      0xa72
 .debug_abbrev  0x0000000000000000      0x1fd main.o
 .debug_abbrev  0x00000000000001fd       0x9c crt.o
 .debug_abbrev  0x0000000000000299       0x88 vtable.o
 .debug_abbrev  0x0000000000000321       0xef SYSTEM~1.o
 .debug_abbrev  0x0000000000000410      0x265 gpio.o
 .debug_abbrev  0x0000000000000675      0x13e adc.o
 .debug_abbrev  0x00000000000007b3      0x2bf uart.o

.debug_loc      0x0000000000000000      0x279
 .debug_loc     0x0000000000000000       0x20 main.o
 .debug_loc     0x0000000000000020       0x2c crt.o
 .debug_loc     0x000000000000004c       0x58 SYSTEM~1.o
 .debug_loc     0x00000000000000a4       0x84 gpio.o
 .debug_loc     0x0000000000000128       0x60 adc.o
 .debug_loc     0x0000000000000188       0xf1 uart.o

.debug_aranges  0x0000000000000000       0xe0
 .debug_aranges
                0x0000000000000000       0x20 main.o
 .debug_aranges
                0x0000000000000020       0x20 crt.o
 .debug_aranges
                0x0000000000000040       0x20 vtable.o
 .debug_aranges
                0x0000000000000060       0x20 SYSTEM~1.o
 .debug_aranges
                0x0000000000000080       0x20 gpio.o
 .debug_aranges
                0x00000000000000a0       0x20 adc.o
 .debug_aranges
                0x00000000000000c0       0x20 uart.o

.debug_line     0x0000000000000000      0xf7b
 .debug_line    0x0000000000000000      0x252 main.o
 .debug_line    0x0000000000000252      0x13f crt.o
 .debug_line    0x0000000000000391       0x55 vtable.o
 .debug_line    0x00000000000003e6      0x361 SYSTEM~1.o
 .debug_line    0x0000000000000747      0x327 gpio.o
 .debug_line    0x0000000000000a6e      0x19b adc.o
 .debug_line    0x0000000000000c09      0x372 uart.o

.debug_str      0x0000000000000000      0xba3
 .debug_str     0x0000000000000000      0x943 main.o
                                        0x9b1 (size before relaxing)
 .debug_str     0x0000000000000943       0x5c crt.o
                                        0x1a9 (size before relaxing)
 .debug_str     0x000000000000099f       0x45 vtable.o
                                        0x121 (size before relaxing)
 .debug_str     0x00000000000009e4       0x45 SYSTEM~1.o
                                        0x429 (size before relaxing)
 .debug_str     0x0000000000000a29       0x82 gpio.o
                                        0x848 (size before relaxing)
 .debug_str     0x0000000000000aab       0x52 adc.o
                                        0x5a7 (size before relaxing)
 .debug_str     0x0000000000000afd       0xa6 uart.o
                                        0xa45 (size before relaxing)

.comment        0x0000000000000000       0x4c
 .comment       0x0000000000000000       0x4c main.o
                                         0x4d (size before relaxing)
 .comment       0x000000000000004c       0x4d crt.o
 .comment       0x000000000000004c       0x4d vtable.o
 .comment       0x000000000000004c       0x4d SYSTEM~1.o
 .comment       0x000000000000004c       0x4d gpio.o
 .comment       0x000000000000004c       0x4d adc.o
 .comment       0x000000000000004c       0x4d uart.o

.ARM.attributes
                0x0000000000000000       0x2c
 .ARM.attributes
                0x0000000000000000       0x2c main.o
 .ARM.attributes
                0x000000000000002c       0x2c crt.o
 .ARM.attributes
                0x0000000000000058       0x2c vtable.o
 .ARM.attributes
                0x0000000000000084       0x2c SYSTEM~1.o
 .ARM.attributes
                0x00000000000000b0       0x2c gpio.o
 .ARM.attributes
                0x00000000000000dc       0x2c adc.o
 .ARM.attributes
                0x0000000000000108       0x2c uart.o
 .ARM.attributes
                0x0000000000000134       0x1e /home/joaomateus/gcc-arm-none-eabi-9-2020-q2-update/bin/../lib/gcc/arm-none-eabi/9.3.1/thumb/v6-m/nofp/libgcc.a(_udivsi3.o)
 .ARM.attributes
                0x0000000000000152       0x1e /home/joaomateus/gcc-arm-none-eabi-9-2020-q2-update/bin/../lib/gcc/arm-none-eabi/9.3.1/thumb/v6-m/nofp/libgcc.a(_divsi3.o)
 .ARM.attributes
                0x0000000000000170       0x1e /home/joaomateus/gcc-arm-none-eabi-9-2020-q2-update/bin/../lib/gcc/arm-none-eabi/9.3.1/thumb/v6-m/nofp/libgcc.a(_dvmd_tls.o)
 .ARM.attributes
                0x000000000000018e       0x1e /home/joaomateus/gcc-arm-none-eabi-9-2020-q2-update/bin/../lib/gcc/arm-none-eabi/9.3.1/thumb/v6-m/nofp/libgcc.a(_arm_cmpdf2.o)
 .ARM.attributes
                0x00000000000001ac       0x1e /home/joaomateus/gcc-arm-none-eabi-9-2020-q2-update/bin/../lib/gcc/arm-none-eabi/9.3.1/thumb/v6-m/nofp/libgcc.a(_arm_cmpsf2.o)
 .ARM.attributes
                0x00000000000001ca       0x2c /home/joaomateus/gcc-arm-none-eabi-9-2020-q2-update/bin/../lib/gcc/arm-none-eabi/9.3.1/thumb/v6-m/nofp/libgcc.a(eqsf2.o)
 .ARM.attributes
                0x00000000000001f6       0x2c /home/joaomateus/gcc-arm-none-eabi-9-2020-q2-update/bin/../lib/gcc/arm-none-eabi/9.3.1/thumb/v6-m/nofp/libgcc.a(gesf2.o)
 .ARM.attributes
                0x0000000000000222       0x2c /home/joaomateus/gcc-arm-none-eabi-9-2020-q2-update/bin/../lib/gcc/arm-none-eabi/9.3.1/thumb/v6-m/nofp/libgcc.a(lesf2.o)
 .ARM.attributes
                0x000000000000024e       0x2c /home/joaomateus/gcc-arm-none-eabi-9-2020-q2-update/bin/../lib/gcc/arm-none-eabi/9.3.1/thumb/v6-m/nofp/libgcc.a(subsf3.o)
 .ARM.attributes
                0x000000000000027a       0x2c /home/joaomateus/gcc-arm-none-eabi-9-2020-q2-update/bin/../lib/gcc/arm-none-eabi/9.3.1/thumb/v6-m/nofp/libgcc.a(fixsfsi.o)
 .ARM.attributes
                0x00000000000002a6       0x2c /home/joaomateus/gcc-arm-none-eabi-9-2020-q2-update/bin/../lib/gcc/arm-none-eabi/9.3.1/thumb/v6-m/nofp/libgcc.a(floatsisf.o)
 .ARM.attributes
                0x00000000000002d2       0x2c /home/joaomateus/gcc-arm-none-eabi-9-2020-q2-update/bin/../lib/gcc/arm-none-eabi/9.3.1/thumb/v6-m/nofp/libgcc.a(divdf3.o)
 .ARM.attributes
                0x00000000000002fe       0x2c /home/joaomateus/gcc-arm-none-eabi-9-2020-q2-update/bin/../lib/gcc/arm-none-eabi/9.3.1/thumb/v6-m/nofp/libgcc.a(eqdf2.o)
 .ARM.attributes
                0x000000000000032a       0x2c /home/joaomateus/gcc-arm-none-eabi-9-2020-q2-update/bin/../lib/gcc/arm-none-eabi/9.3.1/thumb/v6-m/nofp/libgcc.a(gedf2.o)
 .ARM.attributes
                0x0000000000000356       0x2c /home/joaomateus/gcc-arm-none-eabi-9-2020-q2-update/bin/../lib/gcc/arm-none-eabi/9.3.1/thumb/v6-m/nofp/libgcc.a(ledf2.o)
 .ARM.attributes
                0x0000000000000382       0x2c /home/joaomateus/gcc-arm-none-eabi-9-2020-q2-update/bin/../lib/gcc/arm-none-eabi/9.3.1/thumb/v6-m/nofp/libgcc.a(muldf3.o)
 .ARM.attributes
                0x00000000000003ae       0x2c /home/joaomateus/gcc-arm-none-eabi-9-2020-q2-update/bin/../lib/gcc/arm-none-eabi/9.3.1/thumb/v6-m/nofp/libgcc.a(fixdfsi.o)
 .ARM.attributes
                0x00000000000003da       0x2c /home/joaomateus/gcc-arm-none-eabi-9-2020-q2-update/bin/../lib/gcc/arm-none-eabi/9.3.1/thumb/v6-m/nofp/libgcc.a(floatsidf.o)
 .ARM.attributes
                0x0000000000000406       0x2c /home/joaomateus/gcc-arm-none-eabi-9-2020-q2-update/bin/../lib/gcc/arm-none-eabi/9.3.1/thumb/v6-m/nofp/libgcc.a(extendsfdf2.o)
 .ARM.attributes
                0x0000000000000432       0x2c /home/joaomateus/gcc-arm-none-eabi-9-2020-q2-update/bin/../lib/gcc/arm-none-eabi/9.3.1/thumb/v6-m/nofp/libgcc.a(truncdfsf2.o)
 .ARM.attributes
                0x000000000000045e       0x1e /home/joaomateus/gcc-arm-none-eabi-9-2020-q2-update/bin/../lib/gcc/arm-none-eabi/9.3.1/thumb/v6-m/nofp/libgcc.a(_clzsi2.o)

.debug_frame    0x0000000000000000      0x59c
 .debug_frame   0x0000000000000000       0x28 main.o
 .debug_frame   0x0000000000000028       0x38 crt.o
 .debug_frame   0x0000000000000060       0x40 vtable.o
 .debug_frame   0x00000000000000a0       0x50 SYSTEM~1.o
 .debug_frame   0x00000000000000f0       0x7c gpio.o
 .debug_frame   0x000000000000016c       0x5c adc.o
 .debug_frame   0x00000000000001c8       0xb0 uart.o
 .debug_frame   0x0000000000000278       0x20 /home/joaomateus/gcc-arm-none-eabi-9-2020-q2-update/bin/../lib/gcc/arm-none-eabi/9.3.1/thumb/v6-m/nofp/libgcc.a(_udivsi3.o)
 .debug_frame   0x0000000000000298       0x20 /home/joaomateus/gcc-arm-none-eabi-9-2020-q2-update/bin/../lib/gcc/arm-none-eabi/9.3.1/thumb/v6-m/nofp/libgcc.a(_divsi3.o)
 .debug_frame   0x00000000000002b8       0x2c /home/joaomateus/gcc-arm-none-eabi-9-2020-q2-update/bin/../lib/gcc/arm-none-eabi/9.3.1/thumb/v6-m/nofp/libgcc.a(eqsf2.o)
 .debug_frame   0x00000000000002e4       0x30 /home/joaomateus/gcc-arm-none-eabi-9-2020-q2-update/bin/../lib/gcc/arm-none-eabi/9.3.1/thumb/v6-m/nofp/libgcc.a(gesf2.o)
 .debug_frame   0x0000000000000314       0x30 /home/joaomateus/gcc-arm-none-eabi-9-2020-q2-update/bin/../lib/gcc/arm-none-eabi/9.3.1/thumb/v6-m/nofp/libgcc.a(lesf2.o)
 .debug_frame   0x0000000000000344       0x38 /home/joaomateus/gcc-arm-none-eabi-9-2020-q2-update/bin/../lib/gcc/arm-none-eabi/9.3.1/thumb/v6-m/nofp/libgcc.a(subsf3.o)
 .debug_frame   0x000000000000037c       0x20 /home/joaomateus/gcc-arm-none-eabi-9-2020-q2-update/bin/../lib/gcc/arm-none-eabi/9.3.1/thumb/v6-m/nofp/libgcc.a(fixsfsi.o)
 .debug_frame   0x000000000000039c       0x2c /home/joaomateus/gcc-arm-none-eabi-9-2020-q2-update/bin/../lib/gcc/arm-none-eabi/9.3.1/thumb/v6-m/nofp/libgcc.a(floatsisf.o)
 .debug_frame   0x00000000000003c8       0x3c /home/joaomateus/gcc-arm-none-eabi-9-2020-q2-update/bin/../lib/gcc/arm-none-eabi/9.3.1/thumb/v6-m/nofp/libgcc.a(divdf3.o)
 .debug_frame   0x0000000000000404       0x38 /home/joaomateus/gcc-arm-none-eabi-9-2020-q2-update/bin/../lib/gcc/arm-none-eabi/9.3.1/thumb/v6-m/nofp/libgcc.a(eqdf2.o)
 .debug_frame   0x000000000000043c       0x38 /home/joaomateus/gcc-arm-none-eabi-9-2020-q2-update/bin/../lib/gcc/arm-none-eabi/9.3.1/thumb/v6-m/nofp/libgcc.a(gedf2.o)
 .debug_frame   0x0000000000000474       0x38 /home/joaomateus/gcc-arm-none-eabi-9-2020-q2-update/bin/../lib/gcc/arm-none-eabi/9.3.1/thumb/v6-m/nofp/libgcc.a(ledf2.o)
 .debug_frame   0x00000000000004ac       0x3c /home/joaomateus/gcc-arm-none-eabi-9-2020-q2-update/bin/../lib/gcc/arm-none-eabi/9.3.1/thumb/v6-m/nofp/libgcc.a(muldf3.o)
 .debug_frame   0x00000000000004e8       0x2c /home/joaomateus/gcc-arm-none-eabi-9-2020-q2-update/bin/../lib/gcc/arm-none-eabi/9.3.1/thumb/v6-m/nofp/libgcc.a(fixdfsi.o)
 .debug_frame   0x0000000000000514       0x2c /home/joaomateus/gcc-arm-none-eabi-9-2020-q2-update/bin/../lib/gcc/arm-none-eabi/9.3.1/thumb/v6-m/nofp/libgcc.a(floatsidf.o)
 .debug_frame   0x0000000000000540       0x2c /home/joaomateus/gcc-arm-none-eabi-9-2020-q2-update/bin/../lib/gcc/arm-none-eabi/9.3.1/thumb/v6-m/nofp/libgcc.a(extendsfdf2.o)
 .debug_frame   0x000000000000056c       0x30 /home/joaomateus/gcc-arm-none-eabi-9-2020-q2-update/bin/../lib/gcc/arm-none-eabi/9.3.1/thumb/v6-m/nofp/libgcc.a(truncdfsf2.o)

Cross Reference Table

Symbol                                            File
HardFault_Handler                                 vtable.o
IntDefaultHandler                                 vtable.o
NMI_Handler                                       vtable.o
ResetHandler                                      crt.o
                                                  vtable.o
SystemCoreClock                                   SYSTEM~1.o
SystemCoreClockUpdate                             SYSTEM~1.o
SystemInit                                        SYSTEM~1.o
                                                  crt.o
__REV                                             core_cm0.o
__REV16                                           core_cm0.o
__REVSH                                           core_cm0.o
__aeabi_cdcmpeq                                   /home/joaomateus/gcc-arm-none-eabi-9-2020-q2-update/bin/../lib/gcc/arm-none-eabi/9.3.1/thumb/v6-m/nofp/libgcc.a(_arm_cmpdf2.o)
__aeabi_cdcmple                                   /home/joaomateus/gcc-arm-none-eabi-9-2020-q2-update/bin/../lib/gcc/arm-none-eabi/9.3.1/thumb/v6-m/nofp/libgcc.a(_arm_cmpdf2.o)
__aeabi_cdrcmple                                  /home/joaomateus/gcc-arm-none-eabi-9-2020-q2-update/bin/../lib/gcc/arm-none-eabi/9.3.1/thumb/v6-m/nofp/libgcc.a(_arm_cmpdf2.o)
__aeabi_cfcmpeq                                   /home/joaomateus/gcc-arm-none-eabi-9-2020-q2-update/bin/../lib/gcc/arm-none-eabi/9.3.1/thumb/v6-m/nofp/libgcc.a(_arm_cmpsf2.o)
__aeabi_cfcmple                                   /home/joaomateus/gcc-arm-none-eabi-9-2020-q2-update/bin/../lib/gcc/arm-none-eabi/9.3.1/thumb/v6-m/nofp/libgcc.a(_arm_cmpsf2.o)
__aeabi_cfrcmple                                  /home/joaomateus/gcc-arm-none-eabi-9-2020-q2-update/bin/../lib/gcc/arm-none-eabi/9.3.1/thumb/v6-m/nofp/libgcc.a(_arm_cmpsf2.o)
__aeabi_d2f                                       /home/joaomateus/gcc-arm-none-eabi-9-2020-q2-update/bin/../lib/gcc/arm-none-eabi/9.3.1/thumb/v6-m/nofp/libgcc.a(truncdfsf2.o)
                                                  uart.o
__aeabi_d2iz                                      /home/joaomateus/gcc-arm-none-eabi-9-2020-q2-update/bin/../lib/gcc/arm-none-eabi/9.3.1/thumb/v6-m/nofp/libgcc.a(fixdfsi.o)
                                                  uart.o
__aeabi_dcmpeq                                    /home/joaomateus/gcc-arm-none-eabi-9-2020-q2-update/bin/../lib/gcc/arm-none-eabi/9.3.1/thumb/v6-m/nofp/libgcc.a(_arm_cmpdf2.o)
__aeabi_dcmpge                                    /home/joaomateus/gcc-arm-none-eabi-9-2020-q2-update/bin/../lib/gcc/arm-none-eabi/9.3.1/thumb/v6-m/nofp/libgcc.a(_arm_cmpdf2.o)
__aeabi_dcmpgt                                    /home/joaomateus/gcc-arm-none-eabi-9-2020-q2-update/bin/../lib/gcc/arm-none-eabi/9.3.1/thumb/v6-m/nofp/libgcc.a(_arm_cmpdf2.o)
                                                  uart.o
__aeabi_dcmple                                    /home/joaomateus/gcc-arm-none-eabi-9-2020-q2-update/bin/../lib/gcc/arm-none-eabi/9.3.1/thumb/v6-m/nofp/libgcc.a(_arm_cmpdf2.o)
__aeabi_dcmplt                                    /home/joaomateus/gcc-arm-none-eabi-9-2020-q2-update/bin/../lib/gcc/arm-none-eabi/9.3.1/thumb/v6-m/nofp/libgcc.a(_arm_cmpdf2.o)
__aeabi_ddiv                                      /home/joaomateus/gcc-arm-none-eabi-9-2020-q2-update/bin/../lib/gcc/arm-none-eabi/9.3.1/thumb/v6-m/nofp/libgcc.a(divdf3.o)
                                                  uart.o
__aeabi_dmul                                      /home/joaomateus/gcc-arm-none-eabi-9-2020-q2-update/bin/../lib/gcc/arm-none-eabi/9.3.1/thumb/v6-m/nofp/libgcc.a(muldf3.o)
                                                  uart.o
__aeabi_f2d                                       /home/joaomateus/gcc-arm-none-eabi-9-2020-q2-update/bin/../lib/gcc/arm-none-eabi/9.3.1/thumb/v6-m/nofp/libgcc.a(extendsfdf2.o)
                                                  uart.o
__aeabi_f2iz                                      /home/joaomateus/gcc-arm-none-eabi-9-2020-q2-update/bin/../lib/gcc/arm-none-eabi/9.3.1/thumb/v6-m/nofp/libgcc.a(fixsfsi.o)
                                                  uart.o
__aeabi_fcmpeq                                    /home/joaomateus/gcc-arm-none-eabi-9-2020-q2-update/bin/../lib/gcc/arm-none-eabi/9.3.1/thumb/v6-m/nofp/libgcc.a(_arm_cmpsf2.o)
                                                  uart.o
__aeabi_fcmpge                                    /home/joaomateus/gcc-arm-none-eabi-9-2020-q2-update/bin/../lib/gcc/arm-none-eabi/9.3.1/thumb/v6-m/nofp/libgcc.a(_arm_cmpsf2.o)
__aeabi_fcmpgt                                    /home/joaomateus/gcc-arm-none-eabi-9-2020-q2-update/bin/../lib/gcc/arm-none-eabi/9.3.1/thumb/v6-m/nofp/libgcc.a(_arm_cmpsf2.o)
__aeabi_fcmple                                    /home/joaomateus/gcc-arm-none-eabi-9-2020-q2-update/bin/../lib/gcc/arm-none-eabi/9.3.1/thumb/v6-m/nofp/libgcc.a(_arm_cmpsf2.o)
__aeabi_fcmplt                                    /home/joaomateus/gcc-arm-none-eabi-9-2020-q2-update/bin/../lib/gcc/arm-none-eabi/9.3.1/thumb/v6-m/nofp/libgcc.a(_arm_cmpsf2.o)
                                                  uart.o
__aeabi_fsub                                      /home/joaomateus/gcc-arm-none-eabi-9-2020-q2-update/bin/../lib/gcc/arm-none-eabi/9.3.1/thumb/v6-m/nofp/libgcc.a(subsf3.o)
                                                  uart.o
__aeabi_i2d                                       /home/joaomateus/gcc-arm-none-eabi-9-2020-q2-update/bin/../lib/gcc/arm-none-eabi/9.3.1/thumb/v6-m/nofp/libgcc.a(floatsidf.o)
                                                  uart.o
__aeabi_i2f                                       /home/joaomateus/gcc-arm-none-eabi-9-2020-q2-update/bin/../lib/gcc/arm-none-eabi/9.3.1/thumb/v6-m/nofp/libgcc.a(floatsisf.o)
                                                  uart.o
__aeabi_idiv                                      /home/joaomateus/gcc-arm-none-eabi-9-2020-q2-update/bin/../lib/gcc/arm-none-eabi/9.3.1/thumb/v6-m/nofp/libgcc.a(_divsi3.o)
                                                  uart.o
__aeabi_idiv0                                     /home/joaomateus/gcc-arm-none-eabi-9-2020-q2-update/bin/../lib/gcc/arm-none-eabi/9.3.1/thumb/v6-m/nofp/libgcc.a(_dvmd_tls.o)
                                                  /home/joaomateus/gcc-arm-none-eabi-9-2020-q2-update/bin/../lib/gcc/arm-none-eabi/9.3.1/thumb/v6-m/nofp/libgcc.a(_divsi3.o)
                                                  /home/joaomateus/gcc-arm-none-eabi-9-2020-q2-update/bin/../lib/gcc/arm-none-eabi/9.3.1/thumb/v6-m/nofp/libgcc.a(_udivsi3.o)
__aeabi_idivmod                                   /home/joaomateus/gcc-arm-none-eabi-9-2020-q2-update/bin/../lib/gcc/arm-none-eabi/9.3.1/thumb/v6-m/nofp/libgcc.a(_divsi3.o)
                                                  uart.o
__aeabi_ldiv0                                     /home/joaomateus/gcc-arm-none-eabi-9-2020-q2-update/bin/../lib/gcc/arm-none-eabi/9.3.1/thumb/v6-m/nofp/libgcc.a(_dvmd_tls.o)
__aeabi_uidiv                                     /home/joaomateus/gcc-arm-none-eabi-9-2020-q2-update/bin/../lib/gcc/arm-none-eabi/9.3.1/thumb/v6-m/nofp/libgcc.a(_udivsi3.o)
                                                  SYSTEM~1.o
__aeabi_uidivmod                                  /home/joaomateus/gcc-arm-none-eabi-9-2020-q2-update/bin/../lib/gcc/arm-none-eabi/9.3.1/thumb/v6-m/nofp/libgcc.a(_udivsi3.o)
                                                  /home/joaomateus/gcc-arm-none-eabi-9-2020-q2-update/bin/../lib/gcc/arm-none-eabi/9.3.1/thumb/v6-m/nofp/libgcc.a(divdf3.o)
                                                  gpio.o
__clzsi2                                          /home/joaomateus/gcc-arm-none-eabi-9-2020-q2-update/bin/../lib/gcc/arm-none-eabi/9.3.1/thumb/v6-m/nofp/libgcc.a(_clzsi2.o)
                                                  /home/joaomateus/gcc-arm-none-eabi-9-2020-q2-update/bin/../lib/gcc/arm-none-eabi/9.3.1/thumb/v6-m/nofp/libgcc.a(extendsfdf2.o)
                                                  /home/joaomateus/gcc-arm-none-eabi-9-2020-q2-update/bin/../lib/gcc/arm-none-eabi/9.3.1/thumb/v6-m/nofp/libgcc.a(floatsidf.o)
                                                  /home/joaomateus/gcc-arm-none-eabi-9-2020-q2-update/bin/../lib/gcc/arm-none-eabi/9.3.1/thumb/v6-m/nofp/libgcc.a(muldf3.o)
                                                  /home/joaomateus/gcc-arm-none-eabi-9-2020-q2-update/bin/../lib/gcc/arm-none-eabi/9.3.1/thumb/v6-m/nofp/libgcc.a(divdf3.o)
                                                  /home/joaomateus/gcc-arm-none-eabi-9-2020-q2-update/bin/../lib/gcc/arm-none-eabi/9.3.1/thumb/v6-m/nofp/libgcc.a(floatsisf.o)
                                                  /home/joaomateus/gcc-arm-none-eabi-9-2020-q2-update/bin/../lib/gcc/arm-none-eabi/9.3.1/thumb/v6-m/nofp/libgcc.a(subsf3.o)
__divsi3                                          /home/joaomateus/gcc-arm-none-eabi-9-2020-q2-update/bin/../lib/gcc/arm-none-eabi/9.3.1/thumb/v6-m/nofp/libgcc.a(_divsi3.o)
__eqdf2                                           /home/joaomateus/gcc-arm-none-eabi-9-2020-q2-update/bin/../lib/gcc/arm-none-eabi/9.3.1/thumb/v6-m/nofp/libgcc.a(eqdf2.o)
                                                  /home/joaomateus/gcc-arm-none-eabi-9-2020-q2-update/bin/../lib/gcc/arm-none-eabi/9.3.1/thumb/v6-m/nofp/libgcc.a(_arm_cmpdf2.o)
__eqsf2                                           /home/joaomateus/gcc-arm-none-eabi-9-2020-q2-update/bin/../lib/gcc/arm-none-eabi/9.3.1/thumb/v6-m/nofp/libgcc.a(eqsf2.o)
                                                  /home/joaomateus/gcc-arm-none-eabi-9-2020-q2-update/bin/../lib/gcc/arm-none-eabi/9.3.1/thumb/v6-m/nofp/libgcc.a(_arm_cmpsf2.o)
__gedf2                                           /home/joaomateus/gcc-arm-none-eabi-9-2020-q2-update/bin/../lib/gcc/arm-none-eabi/9.3.1/thumb/v6-m/nofp/libgcc.a(gedf2.o)
                                                  /home/joaomateus/gcc-arm-none-eabi-9-2020-q2-update/bin/../lib/gcc/arm-none-eabi/9.3.1/thumb/v6-m/nofp/libgcc.a(_arm_cmpdf2.o)
__gesf2                                           /home/joaomateus/gcc-arm-none-eabi-9-2020-q2-update/bin/../lib/gcc/arm-none-eabi/9.3.1/thumb/v6-m/nofp/libgcc.a(gesf2.o)
                                                  /home/joaomateus/gcc-arm-none-eabi-9-2020-q2-update/bin/../lib/gcc/arm-none-eabi/9.3.1/thumb/v6-m/nofp/libgcc.a(_arm_cmpsf2.o)
__get_CONTROL                                     core_cm0.o
__get_MSP                                         core_cm0.o
__get_PRIMASK                                     core_cm0.o
__get_PSP                                         core_cm0.o
__gtdf2                                           /home/joaomateus/gcc-arm-none-eabi-9-2020-q2-update/bin/../lib/gcc/arm-none-eabi/9.3.1/thumb/v6-m/nofp/libgcc.a(gedf2.o)
__gtsf2                                           /home/joaomateus/gcc-arm-none-eabi-9-2020-q2-update/bin/../lib/gcc/arm-none-eabi/9.3.1/thumb/v6-m/nofp/libgcc.a(gesf2.o)
__ledf2                                           /home/joaomateus/gcc-arm-none-eabi-9-2020-q2-update/bin/../lib/gcc/arm-none-eabi/9.3.1/thumb/v6-m/nofp/libgcc.a(ledf2.o)
                                                  /home/joaomateus/gcc-arm-none-eabi-9-2020-q2-update/bin/../lib/gcc/arm-none-eabi/9.3.1/thumb/v6-m/nofp/libgcc.a(_arm_cmpdf2.o)
__lesf2                                           /home/joaomateus/gcc-arm-none-eabi-9-2020-q2-update/bin/../lib/gcc/arm-none-eabi/9.3.1/thumb/v6-m/nofp/libgcc.a(lesf2.o)
                                                  /home/joaomateus/gcc-arm-none-eabi-9-2020-q2-update/bin/../lib/gcc/arm-none-eabi/9.3.1/thumb/v6-m/nofp/libgcc.a(_arm_cmpsf2.o)
__ltdf2                                           /home/joaomateus/gcc-arm-none-eabi-9-2020-q2-update/bin/../lib/gcc/arm-none-eabi/9.3.1/thumb/v6-m/nofp/libgcc.a(ledf2.o)
__ltsf2                                           /home/joaomateus/gcc-arm-none-eabi-9-2020-q2-update/bin/../lib/gcc/arm-none-eabi/9.3.1/thumb/v6-m/nofp/libgcc.a(lesf2.o)
__nedf2                                           /home/joaomateus/gcc-arm-none-eabi-9-2020-q2-update/bin/../lib/gcc/arm-none-eabi/9.3.1/thumb/v6-m/nofp/libgcc.a(eqdf2.o)
__nesf2                                           /home/joaomateus/gcc-arm-none-eabi-9-2020-q2-update/bin/../lib/gcc/arm-none-eabi/9.3.1/thumb/v6-m/nofp/libgcc.a(eqsf2.o)
__set_CONTROL                                     core_cm0.o
__set_MSP                                         core_cm0.o
__set_PRIMASK                                     core_cm0.o
__set_PSP                                         core_cm0.o
__udivsi3                                         /home/joaomateus/gcc-arm-none-eabi-9-2020-q2-update/bin/../lib/gcc/arm-none-eabi/9.3.1/thumb/v6-m/nofp/libgcc.a(_udivsi3.o)
_ebss                                             crt.o
_edata                                            crt.o
_estack                                           vtable.o
_etext                                            crt.o
_sbss                                             crt.o
_sdata                                            crt.o
_stext                                            crt.o
delay_MS                                          timer.o
expoente                                          uart.o
gVectors                                          vtable.o
init_ADC                                          adc.o
                                                  main.o
init_GPIO                                         gpio.o
                                                  main.o
init_PWM                                          pwm.o
init_TIMER_0                                      timer.o
init_UART                                         uart.o
                                                  main.o
main                                              main.o
                                                  crt.o
printf_float                                      uart.o
printf_int                                        uart.o
                                                  main.o
printf_string                                     uart.o
read_ADC                                          adc.o
read_digital_gpio                                 gpio.o
recv_UART                                         uart.o
select_ADC_channel                                adc.o
send_UART                                         uart.o
set_DIR                                           gpio.o
start_ADC                                         adc.o
write_digital_gpio                                gpio.o
