Archive member included to satisfy reference by file (symbol)

/home/joaomateus/gcc-arm-none-eabi-9-2020-q2-update/bin/../lib/gcc/arm-none-eabi/9.3.1/thumb/v6-m/nofp/libgcc.a(_udivsi3.o)
                              SYSTEM~1.o (__aeabi_uidiv)
/home/joaomateus/gcc-arm-none-eabi-9-2020-q2-update/bin/../lib/gcc/arm-none-eabi/9.3.1/thumb/v6-m/nofp/libgcc.a(_divsi3.o)
                              uart.o (__aeabi_idiv)
/home/joaomateus/gcc-arm-none-eabi-9-2020-q2-update/bin/../lib/gcc/arm-none-eabi/9.3.1/thumb/v6-m/nofp/libgcc.a(_dvmd_tls.o)
                              /home/joaomateus/gcc-arm-none-eabi-9-2020-q2-update/bin/../lib/gcc/arm-none-eabi/9.3.1/thumb/v6-m/nofp/libgcc.a(_udivsi3.o) (__aeabi_idiv0)
/home/joaomateus/gcc-arm-none-eabi-9-2020-q2-update/bin/../lib/gcc/arm-none-eabi/9.3.1/thumb/v6-m/nofp/libgcc.a(_arm_cmpdf2.o)
                              uart.o (__aeabi_dcmpgt)
/home/joaomateus/gcc-arm-none-eabi-9-2020-q2-update/bin/../lib/gcc/arm-none-eabi/9.3.1/thumb/v6-m/nofp/libgcc.a(_arm_cmpsf2.o)
                              uart.o (__aeabi_fcmpeq)
/home/joaomateus/gcc-arm-none-eabi-9-2020-q2-update/bin/../lib/gcc/arm-none-eabi/9.3.1/thumb/v6-m/nofp/libgcc.a(_fixunssfsi.o)
                              pwm.o (__aeabi_f2uiz)
/home/joaomateus/gcc-arm-none-eabi-9-2020-q2-update/bin/../lib/gcc/arm-none-eabi/9.3.1/thumb/v6-m/nofp/libgcc.a(_fixunsdfsi.o)
                              pwm.o (__aeabi_d2uiz)
/home/joaomateus/gcc-arm-none-eabi-9-2020-q2-update/bin/../lib/gcc/arm-none-eabi/9.3.1/thumb/v6-m/nofp/libgcc.a(divsf3.o)
                              pwm.o (__aeabi_fdiv)
/home/joaomateus/gcc-arm-none-eabi-9-2020-q2-update/bin/../lib/gcc/arm-none-eabi/9.3.1/thumb/v6-m/nofp/libgcc.a(eqsf2.o)
                              /home/joaomateus/gcc-arm-none-eabi-9-2020-q2-update/bin/../lib/gcc/arm-none-eabi/9.3.1/thumb/v6-m/nofp/libgcc.a(_arm_cmpsf2.o) (__eqsf2)
/home/joaomateus/gcc-arm-none-eabi-9-2020-q2-update/bin/../lib/gcc/arm-none-eabi/9.3.1/thumb/v6-m/nofp/libgcc.a(gesf2.o)
                              /home/joaomateus/gcc-arm-none-eabi-9-2020-q2-update/bin/../lib/gcc/arm-none-eabi/9.3.1/thumb/v6-m/nofp/libgcc.a(_arm_cmpsf2.o) (__gesf2)
/home/joaomateus/gcc-arm-none-eabi-9-2020-q2-update/bin/../lib/gcc/arm-none-eabi/9.3.1/thumb/v6-m/nofp/libgcc.a(lesf2.o)
                              /home/joaomateus/gcc-arm-none-eabi-9-2020-q2-update/bin/../lib/gcc/arm-none-eabi/9.3.1/thumb/v6-m/nofp/libgcc.a(_arm_cmpsf2.o) (__lesf2)
/home/joaomateus/gcc-arm-none-eabi-9-2020-q2-update/bin/../lib/gcc/arm-none-eabi/9.3.1/thumb/v6-m/nofp/libgcc.a(mulsf3.o)
                              pwm.o (__aeabi_fmul)
/home/joaomateus/gcc-arm-none-eabi-9-2020-q2-update/bin/../lib/gcc/arm-none-eabi/9.3.1/thumb/v6-m/nofp/libgcc.a(subsf3.o)
                              pwm.o (__aeabi_fsub)
/home/joaomateus/gcc-arm-none-eabi-9-2020-q2-update/bin/../lib/gcc/arm-none-eabi/9.3.1/thumb/v6-m/nofp/libgcc.a(fixsfsi.o)
                              uart.o (__aeabi_f2iz)
/home/joaomateus/gcc-arm-none-eabi-9-2020-q2-update/bin/../lib/gcc/arm-none-eabi/9.3.1/thumb/v6-m/nofp/libgcc.a(floatsisf.o)
                              uart.o (__aeabi_i2f)
/home/joaomateus/gcc-arm-none-eabi-9-2020-q2-update/bin/../lib/gcc/arm-none-eabi/9.3.1/thumb/v6-m/nofp/libgcc.a(floatunsisf.o)
                              pwm.o (__aeabi_ui2f)
/home/joaomateus/gcc-arm-none-eabi-9-2020-q2-update/bin/../lib/gcc/arm-none-eabi/9.3.1/thumb/v6-m/nofp/libgcc.a(divdf3.o)
                              uart.o (__aeabi_ddiv)
/home/joaomateus/gcc-arm-none-eabi-9-2020-q2-update/bin/../lib/gcc/arm-none-eabi/9.3.1/thumb/v6-m/nofp/libgcc.a(eqdf2.o)
                              /home/joaomateus/gcc-arm-none-eabi-9-2020-q2-update/bin/../lib/gcc/arm-none-eabi/9.3.1/thumb/v6-m/nofp/libgcc.a(_arm_cmpdf2.o) (__eqdf2)
/home/joaomateus/gcc-arm-none-eabi-9-2020-q2-update/bin/../lib/gcc/arm-none-eabi/9.3.1/thumb/v6-m/nofp/libgcc.a(gedf2.o)
                              /home/joaomateus/gcc-arm-none-eabi-9-2020-q2-update/bin/../lib/gcc/arm-none-eabi/9.3.1/thumb/v6-m/nofp/libgcc.a(_arm_cmpdf2.o) (__gedf2)
/home/joaomateus/gcc-arm-none-eabi-9-2020-q2-update/bin/../lib/gcc/arm-none-eabi/9.3.1/thumb/v6-m/nofp/libgcc.a(ledf2.o)
                              /home/joaomateus/gcc-arm-none-eabi-9-2020-q2-update/bin/../lib/gcc/arm-none-eabi/9.3.1/thumb/v6-m/nofp/libgcc.a(_arm_cmpdf2.o) (__ledf2)
/home/joaomateus/gcc-arm-none-eabi-9-2020-q2-update/bin/../lib/gcc/arm-none-eabi/9.3.1/thumb/v6-m/nofp/libgcc.a(muldf3.o)
                              uart.o (__aeabi_dmul)
/home/joaomateus/gcc-arm-none-eabi-9-2020-q2-update/bin/../lib/gcc/arm-none-eabi/9.3.1/thumb/v6-m/nofp/libgcc.a(subdf3.o)
                              pwm.o (__aeabi_dsub)
/home/joaomateus/gcc-arm-none-eabi-9-2020-q2-update/bin/../lib/gcc/arm-none-eabi/9.3.1/thumb/v6-m/nofp/libgcc.a(fixdfsi.o)
                              uart.o (__aeabi_d2iz)
/home/joaomateus/gcc-arm-none-eabi-9-2020-q2-update/bin/../lib/gcc/arm-none-eabi/9.3.1/thumb/v6-m/nofp/libgcc.a(floatsidf.o)
                              uart.o (__aeabi_i2d)
/home/joaomateus/gcc-arm-none-eabi-9-2020-q2-update/bin/../lib/gcc/arm-none-eabi/9.3.1/thumb/v6-m/nofp/libgcc.a(floatunsidf.o)
                              pwm.o (__aeabi_ui2d)
/home/joaomateus/gcc-arm-none-eabi-9-2020-q2-update/bin/../lib/gcc/arm-none-eabi/9.3.1/thumb/v6-m/nofp/libgcc.a(extendsfdf2.o)
                              uart.o (__aeabi_f2d)
/home/joaomateus/gcc-arm-none-eabi-9-2020-q2-update/bin/../lib/gcc/arm-none-eabi/9.3.1/thumb/v6-m/nofp/libgcc.a(truncdfsf2.o)
                              uart.o (__aeabi_d2f)
/home/joaomateus/gcc-arm-none-eabi-9-2020-q2-update/bin/../lib/gcc/arm-none-eabi/9.3.1/thumb/v6-m/nofp/libgcc.a(_clzsi2.o)
                              /home/joaomateus/gcc-arm-none-eabi-9-2020-q2-update/bin/../lib/gcc/arm-none-eabi/9.3.1/thumb/v6-m/nofp/libgcc.a(divsf3.o) (__clzsi2)

Discarded input sections

 .data          0x0000000000000000        0x0 main.o
 .bss           0x0000000000000000        0x0 main.o
 .text          0x0000000000000000       0xd2 core_cm0.o
 .data          0x0000000000000000        0x0 core_cm0.o
 .bss           0x0000000000000000        0x0 core_cm0.o
 .debug_info    0x0000000000000000      0x2fb core_cm0.o
 .debug_abbrev  0x0000000000000000       0xeb core_cm0.o
 .debug_loc     0x0000000000000000       0xe0 core_cm0.o
 .debug_aranges
                0x0000000000000000       0x20 core_cm0.o
 .debug_line    0x0000000000000000      0x196 core_cm0.o
 .debug_str     0x0000000000000000      0x24f core_cm0.o
 .comment       0x0000000000000000       0x4d core_cm0.o
 .debug_frame   0x0000000000000000       0xdc core_cm0.o
 .ARM.attributes
                0x0000000000000000       0x2c core_cm0.o
 .data          0x0000000000000000        0x0 crt.o
 .bss           0x0000000000000000        0x0 crt.o
 .data          0x0000000000000000        0x0 vtable.o
 .bss           0x0000000000000000        0x0 vtable.o
 .bss           0x0000000000000000        0x0 SYSTEM~1.o
 .data          0x0000000000000000        0x0 gpio.o
 .bss           0x0000000000000000        0x0 gpio.o
 .data          0x0000000000000000        0x0 adc.o
 .bss           0x0000000000000000        0x0 adc.o
 .data          0x0000000000000000        0x0 pwm.o
 .bss           0x0000000000000000        0x0 pwm.o
 .data          0x0000000000000000        0x0 timer.o
 .bss           0x0000000000000000        0x0 timer.o
 .data          0x0000000000000000        0x0 uart.o
 .bss           0x0000000000000000        0x0 uart.o
 .data          0x0000000000000000        0x0 sys_func.o
 .bss           0x0000000000000000        0x0 sys_func.o
 .text          0x0000000000000000        0x0 sys_act.o
 .data          0x0000000000000000        0x0 sys_act.o
 .bss           0x0000000000000000        0x0 sys_act.o
 .debug_line    0x0000000000000000        0x0 sys_act.o
 .debug_str     0x0000000000000000       0xd2 sys_act.o
 .comment       0x0000000000000000       0x4d sys_act.o
 .ARM.attributes
                0x0000000000000000       0x31 sys_act.o
 .data          0x0000000000000000        0x0 sys_sens.o
 .bss           0x0000000000000000        0x0 sys_sens.o
 .data          0x0000000000000000        0x0 /home/joaomateus/gcc-arm-none-eabi-9-2020-q2-update/bin/../lib/gcc/arm-none-eabi/9.3.1/thumb/v6-m/nofp/libgcc.a(_udivsi3.o)
 .bss           0x0000000000000000        0x0 /home/joaomateus/gcc-arm-none-eabi-9-2020-q2-update/bin/../lib/gcc/arm-none-eabi/9.3.1/thumb/v6-m/nofp/libgcc.a(_udivsi3.o)
 .data          0x0000000000000000        0x0 /home/joaomateus/gcc-arm-none-eabi-9-2020-q2-update/bin/../lib/gcc/arm-none-eabi/9.3.1/thumb/v6-m/nofp/libgcc.a(_divsi3.o)
 .bss           0x0000000000000000        0x0 /home/joaomateus/gcc-arm-none-eabi-9-2020-q2-update/bin/../lib/gcc/arm-none-eabi/9.3.1/thumb/v6-m/nofp/libgcc.a(_divsi3.o)
 .data          0x0000000000000000        0x0 /home/joaomateus/gcc-arm-none-eabi-9-2020-q2-update/bin/../lib/gcc/arm-none-eabi/9.3.1/thumb/v6-m/nofp/libgcc.a(_dvmd_tls.o)
 .bss           0x0000000000000000        0x0 /home/joaomateus/gcc-arm-none-eabi-9-2020-q2-update/bin/../lib/gcc/arm-none-eabi/9.3.1/thumb/v6-m/nofp/libgcc.a(_dvmd_tls.o)
 .data          0x0000000000000000        0x0 /home/joaomateus/gcc-arm-none-eabi-9-2020-q2-update/bin/../lib/gcc/arm-none-eabi/9.3.1/thumb/v6-m/nofp/libgcc.a(_arm_cmpdf2.o)
 .bss           0x0000000000000000        0x0 /home/joaomateus/gcc-arm-none-eabi-9-2020-q2-update/bin/../lib/gcc/arm-none-eabi/9.3.1/thumb/v6-m/nofp/libgcc.a(_arm_cmpdf2.o)
 .data          0x0000000000000000        0x0 /home/joaomateus/gcc-arm-none-eabi-9-2020-q2-update/bin/../lib/gcc/arm-none-eabi/9.3.1/thumb/v6-m/nofp/libgcc.a(_arm_cmpsf2.o)
 .bss           0x0000000000000000        0x0 /home/joaomateus/gcc-arm-none-eabi-9-2020-q2-update/bin/../lib/gcc/arm-none-eabi/9.3.1/thumb/v6-m/nofp/libgcc.a(_arm_cmpsf2.o)
 .data          0x0000000000000000        0x0 /home/joaomateus/gcc-arm-none-eabi-9-2020-q2-update/bin/../lib/gcc/arm-none-eabi/9.3.1/thumb/v6-m/nofp/libgcc.a(_fixunssfsi.o)
 .bss           0x0000000000000000        0x0 /home/joaomateus/gcc-arm-none-eabi-9-2020-q2-update/bin/../lib/gcc/arm-none-eabi/9.3.1/thumb/v6-m/nofp/libgcc.a(_fixunssfsi.o)
 .data          0x0000000000000000        0x0 /home/joaomateus/gcc-arm-none-eabi-9-2020-q2-update/bin/../lib/gcc/arm-none-eabi/9.3.1/thumb/v6-m/nofp/libgcc.a(_fixunsdfsi.o)
 .bss           0x0000000000000000        0x0 /home/joaomateus/gcc-arm-none-eabi-9-2020-q2-update/bin/../lib/gcc/arm-none-eabi/9.3.1/thumb/v6-m/nofp/libgcc.a(_fixunsdfsi.o)
 .data          0x0000000000000000        0x0 /home/joaomateus/gcc-arm-none-eabi-9-2020-q2-update/bin/../lib/gcc/arm-none-eabi/9.3.1/thumb/v6-m/nofp/libgcc.a(divsf3.o)
 .bss           0x0000000000000000        0x0 /home/joaomateus/gcc-arm-none-eabi-9-2020-q2-update/bin/../lib/gcc/arm-none-eabi/9.3.1/thumb/v6-m/nofp/libgcc.a(divsf3.o)
 .data          0x0000000000000000        0x0 /home/joaomateus/gcc-arm-none-eabi-9-2020-q2-update/bin/../lib/gcc/arm-none-eabi/9.3.1/thumb/v6-m/nofp/libgcc.a(eqsf2.o)
 .bss           0x0000000000000000        0x0 /home/joaomateus/gcc-arm-none-eabi-9-2020-q2-update/bin/../lib/gcc/arm-none-eabi/9.3.1/thumb/v6-m/nofp/libgcc.a(eqsf2.o)
 .data          0x0000000000000000        0x0 /home/joaomateus/gcc-arm-none-eabi-9-2020-q2-update/bin/../lib/gcc/arm-none-eabi/9.3.1/thumb/v6-m/nofp/libgcc.a(gesf2.o)
 .bss           0x0000000000000000        0x0 /home/joaomateus/gcc-arm-none-eabi-9-2020-q2-update/bin/../lib/gcc/arm-none-eabi/9.3.1/thumb/v6-m/nofp/libgcc.a(gesf2.o)
 .data          0x0000000000000000        0x0 /home/joaomateus/gcc-arm-none-eabi-9-2020-q2-update/bin/../lib/gcc/arm-none-eabi/9.3.1/thumb/v6-m/nofp/libgcc.a(lesf2.o)
 .bss           0x0000000000000000        0x0 /home/joaomateus/gcc-arm-none-eabi-9-2020-q2-update/bin/../lib/gcc/arm-none-eabi/9.3.1/thumb/v6-m/nofp/libgcc.a(lesf2.o)
 .data          0x0000000000000000        0x0 /home/joaomateus/gcc-arm-none-eabi-9-2020-q2-update/bin/../lib/gcc/arm-none-eabi/9.3.1/thumb/v6-m/nofp/libgcc.a(mulsf3.o)
 .bss           0x0000000000000000        0x0 /home/joaomateus/gcc-arm-none-eabi-9-2020-q2-update/bin/../lib/gcc/arm-none-eabi/9.3.1/thumb/v6-m/nofp/libgcc.a(mulsf3.o)
 .data          0x0000000000000000        0x0 /home/joaomateus/gcc-arm-none-eabi-9-2020-q2-update/bin/../lib/gcc/arm-none-eabi/9.3.1/thumb/v6-m/nofp/libgcc.a(subsf3.o)
 .bss           0x0000000000000000        0x0 /home/joaomateus/gcc-arm-none-eabi-9-2020-q2-update/bin/../lib/gcc/arm-none-eabi/9.3.1/thumb/v6-m/nofp/libgcc.a(subsf3.o)
 .data          0x0000000000000000        0x0 /home/joaomateus/gcc-arm-none-eabi-9-2020-q2-update/bin/../lib/gcc/arm-none-eabi/9.3.1/thumb/v6-m/nofp/libgcc.a(fixsfsi.o)
 .bss           0x0000000000000000        0x0 /home/joaomateus/gcc-arm-none-eabi-9-2020-q2-update/bin/../lib/gcc/arm-none-eabi/9.3.1/thumb/v6-m/nofp/libgcc.a(fixsfsi.o)
 .data          0x0000000000000000        0x0 /home/joaomateus/gcc-arm-none-eabi-9-2020-q2-update/bin/../lib/gcc/arm-none-eabi/9.3.1/thumb/v6-m/nofp/libgcc.a(floatsisf.o)
 .bss           0x0000000000000000        0x0 /home/joaomateus/gcc-arm-none-eabi-9-2020-q2-update/bin/../lib/gcc/arm-none-eabi/9.3.1/thumb/v6-m/nofp/libgcc.a(floatsisf.o)
 .data          0x0000000000000000        0x0 /home/joaomateus/gcc-arm-none-eabi-9-2020-q2-update/bin/../lib/gcc/arm-none-eabi/9.3.1/thumb/v6-m/nofp/libgcc.a(floatunsisf.o)
 .bss           0x0000000000000000        0x0 /home/joaomateus/gcc-arm-none-eabi-9-2020-q2-update/bin/../lib/gcc/arm-none-eabi/9.3.1/thumb/v6-m/nofp/libgcc.a(floatunsisf.o)
 .data          0x0000000000000000        0x0 /home/joaomateus/gcc-arm-none-eabi-9-2020-q2-update/bin/../lib/gcc/arm-none-eabi/9.3.1/thumb/v6-m/nofp/libgcc.a(divdf3.o)
 .bss           0x0000000000000000        0x0 /home/joaomateus/gcc-arm-none-eabi-9-2020-q2-update/bin/../lib/gcc/arm-none-eabi/9.3.1/thumb/v6-m/nofp/libgcc.a(divdf3.o)
 .data          0x0000000000000000        0x0 /home/joaomateus/gcc-arm-none-eabi-9-2020-q2-update/bin/../lib/gcc/arm-none-eabi/9.3.1/thumb/v6-m/nofp/libgcc.a(eqdf2.o)
 .bss           0x0000000000000000        0x0 /home/joaomateus/gcc-arm-none-eabi-9-2020-q2-update/bin/../lib/gcc/arm-none-eabi/9.3.1/thumb/v6-m/nofp/libgcc.a(eqdf2.o)
 .data          0x0000000000000000        0x0 /home/joaomateus/gcc-arm-none-eabi-9-2020-q2-update/bin/../lib/gcc/arm-none-eabi/9.3.1/thumb/v6-m/nofp/libgcc.a(gedf2.o)
 .bss           0x0000000000000000        0x0 /home/joaomateus/gcc-arm-none-eabi-9-2020-q2-update/bin/../lib/gcc/arm-none-eabi/9.3.1/thumb/v6-m/nofp/libgcc.a(gedf2.o)
 .data          0x0000000000000000        0x0 /home/joaomateus/gcc-arm-none-eabi-9-2020-q2-update/bin/../lib/gcc/arm-none-eabi/9.3.1/thumb/v6-m/nofp/libgcc.a(ledf2.o)
 .bss           0x0000000000000000        0x0 /home/joaomateus/gcc-arm-none-eabi-9-2020-q2-update/bin/../lib/gcc/arm-none-eabi/9.3.1/thumb/v6-m/nofp/libgcc.a(ledf2.o)
 .data          0x0000000000000000        0x0 /home/joaomateus/gcc-arm-none-eabi-9-2020-q2-update/bin/../lib/gcc/arm-none-eabi/9.3.1/thumb/v6-m/nofp/libgcc.a(muldf3.o)
 .bss           0x0000000000000000        0x0 /home/joaomateus/gcc-arm-none-eabi-9-2020-q2-update/bin/../lib/gcc/arm-none-eabi/9.3.1/thumb/v6-m/nofp/libgcc.a(muldf3.o)
 .data          0x0000000000000000        0x0 /home/joaomateus/gcc-arm-none-eabi-9-2020-q2-update/bin/../lib/gcc/arm-none-eabi/9.3.1/thumb/v6-m/nofp/libgcc.a(subdf3.o)
 .bss           0x0000000000000000        0x0 /home/joaomateus/gcc-arm-none-eabi-9-2020-q2-update/bin/../lib/gcc/arm-none-eabi/9.3.1/thumb/v6-m/nofp/libgcc.a(subdf3.o)
 .data          0x0000000000000000        0x0 /home/joaomateus/gcc-arm-none-eabi-9-2020-q2-update/bin/../lib/gcc/arm-none-eabi/9.3.1/thumb/v6-m/nofp/libgcc.a(fixdfsi.o)
 .bss           0x0000000000000000        0x0 /home/joaomateus/gcc-arm-none-eabi-9-2020-q2-update/bin/../lib/gcc/arm-none-eabi/9.3.1/thumb/v6-m/nofp/libgcc.a(fixdfsi.o)
 .data          0x0000000000000000        0x0 /home/joaomateus/gcc-arm-none-eabi-9-2020-q2-update/bin/../lib/gcc/arm-none-eabi/9.3.1/thumb/v6-m/nofp/libgcc.a(floatsidf.o)
 .bss           0x0000000000000000        0x0 /home/joaomateus/gcc-arm-none-eabi-9-2020-q2-update/bin/../lib/gcc/arm-none-eabi/9.3.1/thumb/v6-m/nofp/libgcc.a(floatsidf.o)
 .data          0x0000000000000000        0x0 /home/joaomateus/gcc-arm-none-eabi-9-2020-q2-update/bin/../lib/gcc/arm-none-eabi/9.3.1/thumb/v6-m/nofp/libgcc.a(floatunsidf.o)
 .bss           0x0000000000000000        0x0 /home/joaomateus/gcc-arm-none-eabi-9-2020-q2-update/bin/../lib/gcc/arm-none-eabi/9.3.1/thumb/v6-m/nofp/libgcc.a(floatunsidf.o)
 .data          0x0000000000000000        0x0 /home/joaomateus/gcc-arm-none-eabi-9-2020-q2-update/bin/../lib/gcc/arm-none-eabi/9.3.1/thumb/v6-m/nofp/libgcc.a(extendsfdf2.o)
 .bss           0x0000000000000000        0x0 /home/joaomateus/gcc-arm-none-eabi-9-2020-q2-update/bin/../lib/gcc/arm-none-eabi/9.3.1/thumb/v6-m/nofp/libgcc.a(extendsfdf2.o)
 .data          0x0000000000000000        0x0 /home/joaomateus/gcc-arm-none-eabi-9-2020-q2-update/bin/../lib/gcc/arm-none-eabi/9.3.1/thumb/v6-m/nofp/libgcc.a(truncdfsf2.o)
 .bss           0x0000000000000000        0x0 /home/joaomateus/gcc-arm-none-eabi-9-2020-q2-update/bin/../lib/gcc/arm-none-eabi/9.3.1/thumb/v6-m/nofp/libgcc.a(truncdfsf2.o)
 .data          0x0000000000000000        0x0 /home/joaomateus/gcc-arm-none-eabi-9-2020-q2-update/bin/../lib/gcc/arm-none-eabi/9.3.1/thumb/v6-m/nofp/libgcc.a(_clzsi2.o)
 .bss           0x0000000000000000        0x0 /home/joaomateus/gcc-arm-none-eabi-9-2020-q2-update/bin/../lib/gcc/arm-none-eabi/9.3.1/thumb/v6-m/nofp/libgcc.a(_clzsi2.o)

Memory Configuration

Name             Origin             Length             Attributes
FLASH            0x0000000000000000 0x0000000000008000 xr
RAM              0x0000000010000000 0x0000000000001000 rw
*default*        0x0000000000000000 0xffffffffffffffff

Linker script and memory map

LOAD /home/joaomateus/gcc-arm-none-eabi-9-2020-q2-update/bin/../lib/gcc/arm-none-eabi/9.3.1/../../../../arm-none-eabi/lib/thumb/v6-m/nofp/libm.a
START GROUP
END GROUP
LOAD main.o
LOAD core_cm0.o
LOAD crt.o
LOAD vtable.o
LOAD SYSTEM~1.o
LOAD gpio.o
LOAD adc.o
LOAD pwm.o
LOAD timer.o
LOAD uart.o
LOAD sys_func.o
LOAD sys_act.o
LOAD sys_sens.o
START GROUP
LOAD /home/joaomateus/gcc-arm-none-eabi-9-2020-q2-update/bin/../lib/gcc/arm-none-eabi/9.3.1/thumb/v6-m/nofp/libgcc.a
LOAD /home/joaomateus/gcc-arm-none-eabi-9-2020-q2-update/bin/../lib/gcc/arm-none-eabi/9.3.1/../../../../arm-none-eabi/lib/thumb/v6-m/nofp/libc.a
END GROUP

.text           0x0000000000000000     0x36b8
                0x0000000000000000                _stext = .
 CREATE_OBJECT_SYMBOLS
 *(.vectors)
 .vectors       0x0000000000000000       0xc0 vtable.o
                0x0000000000000000                gVectors
 *(.text)
 .text          0x00000000000000c0       0x26 main.o
                0x00000000000000c0                main
 *fill*         0x00000000000000e6        0x2 00000000
 .text          0x00000000000000e8       0x70 crt.o
                0x00000000000000ec                ResetHandler
 .text          0x0000000000000158        0x8 vtable.o
                0x0000000000000158                NMI_Handler
                0x000000000000015a                HardFault_Handler
                0x000000000000015c                IntDefaultHandler
 .text          0x0000000000000160      0x304 SYSTEM~1.o
                0x0000000000000166                SystemCoreClockUpdate
                0x0000000000000388                SystemInit
 .text          0x0000000000000464      0x2bc gpio.o
                0x0000000000000464                init_GPIO
                0x000000000000047c                set_DIR
                0x000000000000059c                write_digital_gpio
                0x00000000000006b8                read_digital_gpio
 .text          0x0000000000000720      0x17c adc.o
                0x0000000000000720                init_ADC
                0x0000000000000750                start_ADC
                0x0000000000000834                select_ADC_channel
                0x0000000000000858                read_ADC
 .text          0x000000000000089c      0x210 pwm.o
                0x000000000000089c                init_PWM
                0x0000000000000958                set_duty_cycle
                0x00000000000009d0                set_period
                0x00000000000009fc                get_duty_cycle
                0x0000000000000a58                get_period
                0x0000000000000a7c                start_PWM
                0x0000000000000a90                stop_PWM
 .text          0x0000000000000aac       0x84 timer.o
                0x0000000000000aac                init_TIMER_0
                0x0000000000000b04                delay_MS
 .text          0x0000000000000b30      0x350 uart.o
                0x0000000000000b30                init_UART
                0x0000000000000ba8                send_UART
                0x0000000000000be0                recv_UART
                0x0000000000000c0c                printf_int
                0x0000000000000cae                printf_string
                0x0000000000000ce6                printf_float
                0x0000000000000e1c                expoente
 .text          0x0000000000000e80       0x32 sys_func.o
                0x0000000000000e80                init_system
 *fill*         0x0000000000000eb2        0x2 00000000
 .text          0x0000000000000eb4       0x88 sys_sens.o
                0x0000000000000eb4                get_lux_LDR
 .text          0x0000000000000f3c      0x114 /home/joaomateus/gcc-arm-none-eabi-9-2020-q2-update/bin/../lib/gcc/arm-none-eabi/9.3.1/thumb/v6-m/nofp/libgcc.a(_udivsi3.o)
                0x0000000000000f3c                __udivsi3
                0x0000000000000f3c                __aeabi_uidiv
                0x0000000000001048                __aeabi_uidivmod
 .text          0x0000000000001050      0x1d4 /home/joaomateus/gcc-arm-none-eabi-9-2020-q2-update/bin/../lib/gcc/arm-none-eabi/9.3.1/thumb/v6-m/nofp/libgcc.a(_divsi3.o)
                0x0000000000001050                __aeabi_idiv
                0x0000000000001050                __divsi3
                0x000000000000121c                __aeabi_idivmod
 .text          0x0000000000001224        0x4 /home/joaomateus/gcc-arm-none-eabi-9-2020-q2-update/bin/../lib/gcc/arm-none-eabi/9.3.1/thumb/v6-m/nofp/libgcc.a(_dvmd_tls.o)
                0x0000000000001224                __aeabi_ldiv0
                0x0000000000001224                __aeabi_idiv0
 .text          0x0000000000001228       0x7c /home/joaomateus/gcc-arm-none-eabi-9-2020-q2-update/bin/../lib/gcc/arm-none-eabi/9.3.1/thumb/v6-m/nofp/libgcc.a(_arm_cmpdf2.o)
                0x0000000000001228                __aeabi_cdrcmple
                0x0000000000001238                __aeabi_cdcmple
                0x0000000000001238                __aeabi_cdcmpeq
                0x0000000000001248                __aeabi_dcmpeq
                0x0000000000001254                __aeabi_dcmplt
                0x0000000000001268                __aeabi_dcmple
                0x000000000000127c                __aeabi_dcmpgt
                0x0000000000001290                __aeabi_dcmpge
 .text          0x00000000000012a4       0x74 /home/joaomateus/gcc-arm-none-eabi-9-2020-q2-update/bin/../lib/gcc/arm-none-eabi/9.3.1/thumb/v6-m/nofp/libgcc.a(_arm_cmpsf2.o)
                0x00000000000012a4                __aeabi_cfrcmple
                0x00000000000012ac                __aeabi_cfcmple
                0x00000000000012ac                __aeabi_cfcmpeq
                0x00000000000012bc                __aeabi_fcmpeq
                0x00000000000012c8                __aeabi_fcmplt
                0x00000000000012dc                __aeabi_fcmple
                0x00000000000012f0                __aeabi_fcmpgt
                0x0000000000001304                __aeabi_fcmpge
 .text          0x0000000000001318       0x30 /home/joaomateus/gcc-arm-none-eabi-9-2020-q2-update/bin/../lib/gcc/arm-none-eabi/9.3.1/thumb/v6-m/nofp/libgcc.a(_fixunssfsi.o)
                0x0000000000001318                __aeabi_f2uiz
                0x0000000000001318                __fixunssfsi
 .text          0x0000000000001348       0x3c /home/joaomateus/gcc-arm-none-eabi-9-2020-q2-update/bin/../lib/gcc/arm-none-eabi/9.3.1/thumb/v6-m/nofp/libgcc.a(_fixunsdfsi.o)
                0x0000000000001348                __fixunsdfsi
                0x0000000000001348                __aeabi_d2uiz
 .text          0x0000000000001384      0x218 /home/joaomateus/gcc-arm-none-eabi-9-2020-q2-update/bin/../lib/gcc/arm-none-eabi/9.3.1/thumb/v6-m/nofp/libgcc.a(divsf3.o)
                0x0000000000001384                __aeabi_fdiv
 .text          0x000000000000159c       0x50 /home/joaomateus/gcc-arm-none-eabi-9-2020-q2-update/bin/../lib/gcc/arm-none-eabi/9.3.1/thumb/v6-m/nofp/libgcc.a(eqsf2.o)
                0x000000000000159c                __nesf2
                0x000000000000159c                __eqsf2
 .text          0x00000000000015ec       0x98 /home/joaomateus/gcc-arm-none-eabi-9-2020-q2-update/bin/../lib/gcc/arm-none-eabi/9.3.1/thumb/v6-m/nofp/libgcc.a(gesf2.o)
                0x00000000000015ec                __gtsf2
                0x00000000000015ec                __gesf2
 .text          0x0000000000001684       0x94 /home/joaomateus/gcc-arm-none-eabi-9-2020-q2-update/bin/../lib/gcc/arm-none-eabi/9.3.1/thumb/v6-m/nofp/libgcc.a(lesf2.o)
                0x0000000000001684                __lesf2
                0x0000000000001684                __ltsf2
 .text          0x0000000000001718      0x234 /home/joaomateus/gcc-arm-none-eabi-9-2020-q2-update/bin/../lib/gcc/arm-none-eabi/9.3.1/thumb/v6-m/nofp/libgcc.a(mulsf3.o)
                0x0000000000001718                __aeabi_fmul
 .text          0x000000000000194c      0x390 /home/joaomateus/gcc-arm-none-eabi-9-2020-q2-update/bin/../lib/gcc/arm-none-eabi/9.3.1/thumb/v6-m/nofp/libgcc.a(subsf3.o)
                0x000000000000194c                __aeabi_fsub
 .text          0x0000000000001cdc       0x40 /home/joaomateus/gcc-arm-none-eabi-9-2020-q2-update/bin/../lib/gcc/arm-none-eabi/9.3.1/thumb/v6-m/nofp/libgcc.a(fixsfsi.o)
                0x0000000000001cdc                __aeabi_f2iz
 .text          0x0000000000001d1c       0x8c /home/joaomateus/gcc-arm-none-eabi-9-2020-q2-update/bin/../lib/gcc/arm-none-eabi/9.3.1/thumb/v6-m/nofp/libgcc.a(floatsisf.o)
                0x0000000000001d1c                __aeabi_i2f
 .text          0x0000000000001da8       0x78 /home/joaomateus/gcc-arm-none-eabi-9-2020-q2-update/bin/../lib/gcc/arm-none-eabi/9.3.1/thumb/v6-m/nofp/libgcc.a(floatunsisf.o)
                0x0000000000001da8                __aeabi_ui2f
 .text          0x0000000000001e20      0x5d0 /home/joaomateus/gcc-arm-none-eabi-9-2020-q2-update/bin/../lib/gcc/arm-none-eabi/9.3.1/thumb/v6-m/nofp/libgcc.a(divdf3.o)
                0x0000000000001e20                __aeabi_ddiv
 .text          0x00000000000023f0       0x78 /home/joaomateus/gcc-arm-none-eabi-9-2020-q2-update/bin/../lib/gcc/arm-none-eabi/9.3.1/thumb/v6-m/nofp/libgcc.a(eqdf2.o)
                0x00000000000023f0                __eqdf2
                0x00000000000023f0                __nedf2
 .text          0x0000000000002468       0xe4 /home/joaomateus/gcc-arm-none-eabi-9-2020-q2-update/bin/../lib/gcc/arm-none-eabi/9.3.1/thumb/v6-m/nofp/libgcc.a(gedf2.o)
                0x0000000000002468                __gtdf2
                0x0000000000002468                __gedf2
 .text          0x000000000000254c       0xe0 /home/joaomateus/gcc-arm-none-eabi-9-2020-q2-update/bin/../lib/gcc/arm-none-eabi/9.3.1/thumb/v6-m/nofp/libgcc.a(ledf2.o)
                0x000000000000254c                __ltdf2
                0x000000000000254c                __ledf2
 .text          0x000000000000262c      0x4d8 /home/joaomateus/gcc-arm-none-eabi-9-2020-q2-update/bin/../lib/gcc/arm-none-eabi/9.3.1/thumb/v6-m/nofp/libgcc.a(muldf3.o)
                0x000000000000262c                __aeabi_dmul
 .text          0x0000000000002b04      0x724 /home/joaomateus/gcc-arm-none-eabi-9-2020-q2-update/bin/../lib/gcc/arm-none-eabi/9.3.1/thumb/v6-m/nofp/libgcc.a(subdf3.o)
                0x0000000000002b04                __aeabi_dsub
 .text          0x0000000000003228       0x6c /home/joaomateus/gcc-arm-none-eabi-9-2020-q2-update/bin/../lib/gcc/arm-none-eabi/9.3.1/thumb/v6-m/nofp/libgcc.a(fixdfsi.o)
                0x0000000000003228                __aeabi_d2iz
 .text          0x0000000000003294       0x60 /home/joaomateus/gcc-arm-none-eabi-9-2020-q2-update/bin/../lib/gcc/arm-none-eabi/9.3.1/thumb/v6-m/nofp/libgcc.a(floatsidf.o)
                0x0000000000003294                __aeabi_i2d
 .text          0x00000000000032f4       0x4c /home/joaomateus/gcc-arm-none-eabi-9-2020-q2-update/bin/../lib/gcc/arm-none-eabi/9.3.1/thumb/v6-m/nofp/libgcc.a(floatunsidf.o)
                0x00000000000032f4                __aeabi_ui2d
 .text          0x0000000000003340       0x90 /home/joaomateus/gcc-arm-none-eabi-9-2020-q2-update/bin/../lib/gcc/arm-none-eabi/9.3.1/thumb/v6-m/nofp/libgcc.a(extendsfdf2.o)
                0x0000000000003340                __aeabi_f2d
 .text          0x00000000000033d0      0x110 /home/joaomateus/gcc-arm-none-eabi-9-2020-q2-update/bin/../lib/gcc/arm-none-eabi/9.3.1/thumb/v6-m/nofp/libgcc.a(truncdfsf2.o)
                0x00000000000033d0                __aeabi_d2f
 .text          0x00000000000034e0       0x3c /home/joaomateus/gcc-arm-none-eabi-9-2020-q2-update/bin/../lib/gcc/arm-none-eabi/9.3.1/thumb/v6-m/nofp/libgcc.a(_clzsi2.o)
                0x00000000000034e0                __clzsi2
 *(.text.*)
                0x000000000000351c                . = ALIGN (0x4)
 *(.rodata)
 .rodata        0x000000000000351c       0x40 SYSTEM~1.o
 .rodata        0x000000000000355c       0x18 adc.o
 .rodata        0x0000000000003574        0x4 uart.o
 .rodata        0x0000000000003578       0x80 /home/joaomateus/gcc-arm-none-eabi-9-2020-q2-update/bin/../lib/gcc/arm-none-eabi/9.3.1/thumb/v6-m/nofp/libgcc.a(divsf3.o)
 .rodata        0x00000000000035f8       0x40 /home/joaomateus/gcc-arm-none-eabi-9-2020-q2-update/bin/../lib/gcc/arm-none-eabi/9.3.1/thumb/v6-m/nofp/libgcc.a(mulsf3.o)
 .rodata        0x0000000000003638       0x40 /home/joaomateus/gcc-arm-none-eabi-9-2020-q2-update/bin/../lib/gcc/arm-none-eabi/9.3.1/thumb/v6-m/nofp/libgcc.a(divdf3.o)
 .rodata        0x0000000000003678       0x40 /home/joaomateus/gcc-arm-none-eabi-9-2020-q2-update/bin/../lib/gcc/arm-none-eabi/9.3.1/thumb/v6-m/nofp/libgcc.a(muldf3.o)
 *(.rodata.*)
                0x00000000000036b8                . = ALIGN (0x4)
                0x00000000000036b8                _etext = .

.glue_7         0x00000000000036b8        0x0
 .glue_7        0x00000000000036b8        0x0 linker stubs

.glue_7t        0x00000000000036b8        0x0
 .glue_7t       0x00000000000036b8        0x0 linker stubs

.vfp11_veneer   0x00000000000036b8        0x0
 .vfp11_veneer  0x00000000000036b8        0x0 linker stubs

.v4_bx          0x00000000000036b8        0x0
 .v4_bx         0x00000000000036b8        0x0 linker stubs

.iplt           0x00000000000036b8        0x0
 .iplt          0x00000000000036b8        0x0 main.o

.rel.dyn        0x00000000000036b8        0x0
 .rel.iplt      0x00000000000036b8        0x0 main.o

.data           0x0000000010000000        0x4 load address 0x00000000000036b8
                0x0000000010000000                . = ALIGN (0x4)
                0x0000000010000000                _sdata = .
 *(.data)
 .data          0x0000000010000000        0x4 SYSTEM~1.o
                0x0000000010000000                SystemCoreClock
 *(.data.*)
                0x0000000010000004                . = ALIGN (0x4)
 *(.fastrun)
 *(.fastrun.*)
                0x0000000010000004                . = ALIGN (0x4)
                0x0000000010000004                _edata = .

.igot.plt       0x0000000010000004        0x0 load address 0x00000000000036bc
 .igot.plt      0x0000000010000004        0x0 main.o

.bss            0x0000000010000004        0x0
                0x0000000010000004                . = ALIGN (0x4)
                0x0000000010000004                _sbss = .
 *(.bss)
 *(.bss.*)
                0x0000000010000004                . = ALIGN (0x4)
                0x0000000010000004                _ebss = .
                0x0000000010001000                _estack = (ORIGIN (RAM) + LENGTH (RAM))
OUTPUT(Debug.elf elf32-littlearm)
LOAD linker stubs

.debug_info     0x0000000000000000     0x65bb
 .debug_info    0x0000000000000000      0xa73 main.o
 .debug_info    0x0000000000000a73      0x13c crt.o
 .debug_info    0x0000000000000baf       0xb9 vtable.o
 .debug_info    0x0000000000000c68      0x54d SYSTEM~1.o
 .debug_info    0x00000000000011b5     0x1067 gpio.o
 .debug_info    0x000000000000221c      0x8ee adc.o
 .debug_info    0x0000000000002b0a      0xa20 pwm.o
 .debug_info    0x000000000000352a      0x645 timer.o
 .debug_info    0x0000000000003b6f     0x1534 uart.o
 .debug_info    0x00000000000050a3      0xa6e sys_func.o
 .debug_info    0x0000000000005b11      0xaaa sys_sens.o

.debug_abbrev   0x0000000000000000     0x109c
 .debug_abbrev  0x0000000000000000      0x1d6 main.o
 .debug_abbrev  0x00000000000001d6       0x9c crt.o
 .debug_abbrev  0x0000000000000272       0x88 vtable.o
 .debug_abbrev  0x00000000000002fa       0xef SYSTEM~1.o
 .debug_abbrev  0x00000000000003e9      0x265 gpio.o
 .debug_abbrev  0x000000000000064e      0x13e adc.o
 .debug_abbrev  0x000000000000078c      0x192 pwm.o
 .debug_abbrev  0x000000000000091e      0x111 timer.o
 .debug_abbrev  0x0000000000000a2f      0x2a3 uart.o
 .debug_abbrev  0x0000000000000cd2      0x1d2 sys_func.o
 .debug_abbrev  0x0000000000000ea4      0x1f8 sys_sens.o

.debug_loc      0x0000000000000000      0x3b5
 .debug_loc     0x0000000000000000       0x20 main.o
 .debug_loc     0x0000000000000020       0x2c crt.o
 .debug_loc     0x000000000000004c       0x58 SYSTEM~1.o
 .debug_loc     0x00000000000000a4       0x84 gpio.o
 .debug_loc     0x0000000000000128       0x60 adc.o
 .debug_loc     0x0000000000000188       0xc4 pwm.o
 .debug_loc     0x000000000000024c       0x20 timer.o
 .debug_loc     0x000000000000026c       0xfd uart.o
 .debug_loc     0x0000000000000369       0x20 sys_func.o
 .debug_loc     0x0000000000000389       0x2c sys_sens.o

.debug_aranges  0x0000000000000000      0x160
 .debug_aranges
                0x0000000000000000       0x20 main.o
 .debug_aranges
                0x0000000000000020       0x20 crt.o
 .debug_aranges
                0x0000000000000040       0x20 vtable.o
 .debug_aranges
                0x0000000000000060       0x20 SYSTEM~1.o
 .debug_aranges
                0x0000000000000080       0x20 gpio.o
 .debug_aranges
                0x00000000000000a0       0x20 adc.o
 .debug_aranges
                0x00000000000000c0       0x20 pwm.o
 .debug_aranges
                0x00000000000000e0       0x20 timer.o
 .debug_aranges
                0x0000000000000100       0x20 uart.o
 .debug_aranges
                0x0000000000000120       0x20 sys_func.o
 .debug_aranges
                0x0000000000000140       0x20 sys_sens.o

.debug_line     0x0000000000000000     0x1705
 .debug_line    0x0000000000000000      0x214 main.o
 .debug_line    0x0000000000000214      0x13f crt.o
 .debug_line    0x0000000000000353       0x55 vtable.o
 .debug_line    0x00000000000003a8      0x361 SYSTEM~1.o
 .debug_line    0x0000000000000709      0x327 gpio.o
 .debug_line    0x0000000000000a30      0x1a2 adc.o
 .debug_line    0x0000000000000bd2      0x201 pwm.o
 .debug_line    0x0000000000000dd3      0x170 timer.o
 .debug_line    0x0000000000000f43      0x375 uart.o
 .debug_line    0x00000000000012b8      0x21c sys_func.o
 .debug_line    0x00000000000014d4      0x231 sys_sens.o

.debug_str      0x0000000000000000      0xca4
 .debug_str     0x0000000000000000      0x536 main.o
                                        0x5a4 (size before relaxing)
 .debug_str     0x0000000000000536       0x5c crt.o
                                        0x1a9 (size before relaxing)
 .debug_str     0x0000000000000592       0x45 vtable.o
                                        0x121 (size before relaxing)
 .debug_str     0x00000000000005d7      0x2c1 SYSTEM~1.o
                                        0x429 (size before relaxing)
 .debug_str     0x0000000000000898       0x82 gpio.o
                                        0x848 (size before relaxing)
 .debug_str     0x000000000000091a      0x1c9 adc.o
                                        0x5a7 (size before relaxing)
 .debug_str     0x0000000000000ae3       0x91 pwm.o
                                        0x5e7 (size before relaxing)
 .debug_str     0x0000000000000b74       0x32 timer.o
                                        0x425 (size before relaxing)
 .debug_str     0x0000000000000ba6       0xa6 uart.o
                                        0xa45 (size before relaxing)
 .debug_str     0x0000000000000c4c       0x29 sys_func.o
                                        0x5be (size before relaxing)
 .debug_str     0x0000000000000c75       0x2f sys_sens.o
                                        0x5dd (size before relaxing)

.comment        0x0000000000000000       0x4c
 .comment       0x0000000000000000       0x4c main.o
                                         0x4d (size before relaxing)
 .comment       0x000000000000004c       0x4d crt.o
 .comment       0x000000000000004c       0x4d vtable.o
 .comment       0x000000000000004c       0x4d SYSTEM~1.o
 .comment       0x000000000000004c       0x4d gpio.o
 .comment       0x000000000000004c       0x4d adc.o
 .comment       0x000000000000004c       0x4d pwm.o
 .comment       0x000000000000004c       0x4d timer.o
 .comment       0x000000000000004c       0x4d uart.o
 .comment       0x000000000000004c       0x4d sys_func.o
 .comment       0x000000000000004c       0x4d sys_sens.o

.ARM.attributes
                0x0000000000000000       0x2c
 .ARM.attributes
                0x0000000000000000       0x2c main.o
 .ARM.attributes
                0x000000000000002c       0x2c crt.o
 .ARM.attributes
                0x0000000000000058       0x2c vtable.o
 .ARM.attributes
                0x0000000000000084       0x2c SYSTEM~1.o
 .ARM.attributes
                0x00000000000000b0       0x2c gpio.o
 .ARM.attributes
                0x00000000000000dc       0x2c adc.o
 .ARM.attributes
                0x0000000000000108       0x2c pwm.o
 .ARM.attributes
                0x0000000000000134       0x2c timer.o
 .ARM.attributes
                0x0000000000000160       0x2c uart.o
 .ARM.attributes
                0x000000000000018c       0x2c sys_func.o
 .ARM.attributes
                0x00000000000001b8       0x2c sys_sens.o
 .ARM.attributes
                0x00000000000001e4       0x1e /home/joaomateus/gcc-arm-none-eabi-9-2020-q2-update/bin/../lib/gcc/arm-none-eabi/9.3.1/thumb/v6-m/nofp/libgcc.a(_udivsi3.o)
 .ARM.attributes
                0x0000000000000202       0x1e /home/joaomateus/gcc-arm-none-eabi-9-2020-q2-update/bin/../lib/gcc/arm-none-eabi/9.3.1/thumb/v6-m/nofp/libgcc.a(_divsi3.o)
 .ARM.attributes
                0x0000000000000220       0x1e /home/joaomateus/gcc-arm-none-eabi-9-2020-q2-update/bin/../lib/gcc/arm-none-eabi/9.3.1/thumb/v6-m/nofp/libgcc.a(_dvmd_tls.o)
 .ARM.attributes
                0x000000000000023e       0x1e /home/joaomateus/gcc-arm-none-eabi-9-2020-q2-update/bin/../lib/gcc/arm-none-eabi/9.3.1/thumb/v6-m/nofp/libgcc.a(_arm_cmpdf2.o)
 .ARM.attributes
                0x000000000000025c       0x1e /home/joaomateus/gcc-arm-none-eabi-9-2020-q2-update/bin/../lib/gcc/arm-none-eabi/9.3.1/thumb/v6-m/nofp/libgcc.a(_arm_cmpsf2.o)
 .ARM.attributes
                0x000000000000027a       0x2c /home/joaomateus/gcc-arm-none-eabi-9-2020-q2-update/bin/../lib/gcc/arm-none-eabi/9.3.1/thumb/v6-m/nofp/libgcc.a(_fixunssfsi.o)
 .ARM.attributes
                0x00000000000002a6       0x2c /home/joaomateus/gcc-arm-none-eabi-9-2020-q2-update/bin/../lib/gcc/arm-none-eabi/9.3.1/thumb/v6-m/nofp/libgcc.a(_fixunsdfsi.o)
 .ARM.attributes
                0x00000000000002d2       0x2c /home/joaomateus/gcc-arm-none-eabi-9-2020-q2-update/bin/../lib/gcc/arm-none-eabi/9.3.1/thumb/v6-m/nofp/libgcc.a(divsf3.o)
 .ARM.attributes
                0x00000000000002fe       0x2c /home/joaomateus/gcc-arm-none-eabi-9-2020-q2-update/bin/../lib/gcc/arm-none-eabi/9.3.1/thumb/v6-m/nofp/libgcc.a(eqsf2.o)
 .ARM.attributes
                0x000000000000032a       0x2c /home/joaomateus/gcc-arm-none-eabi-9-2020-q2-update/bin/../lib/gcc/arm-none-eabi/9.3.1/thumb/v6-m/nofp/libgcc.a(gesf2.o)
 .ARM.attributes
                0x0000000000000356       0x2c /home/joaomateus/gcc-arm-none-eabi-9-2020-q2-update/bin/../lib/gcc/arm-none-eabi/9.3.1/thumb/v6-m/nofp/libgcc.a(lesf2.o)
 .ARM.attributes
                0x0000000000000382       0x2c /home/joaomateus/gcc-arm-none-eabi-9-2020-q2-update/bin/../lib/gcc/arm-none-eabi/9.3.1/thumb/v6-m/nofp/libgcc.a(mulsf3.o)
 .ARM.attributes
                0x00000000000003ae       0x2c /home/joaomateus/gcc-arm-none-eabi-9-2020-q2-update/bin/../lib/gcc/arm-none-eabi/9.3.1/thumb/v6-m/nofp/libgcc.a(subsf3.o)
 .ARM.attributes
                0x00000000000003da       0x2c /home/joaomateus/gcc-arm-none-eabi-9-2020-q2-update/bin/../lib/gcc/arm-none-eabi/9.3.1/thumb/v6-m/nofp/libgcc.a(fixsfsi.o)
 .ARM.attributes
                0x0000000000000406       0x2c /home/joaomateus/gcc-arm-none-eabi-9-2020-q2-update/bin/../lib/gcc/arm-none-eabi/9.3.1/thumb/v6-m/nofp/libgcc.a(floatsisf.o)
 .ARM.attributes
                0x0000000000000432       0x2c /home/joaomateus/gcc-arm-none-eabi-9-2020-q2-update/bin/../lib/gcc/arm-none-eabi/9.3.1/thumb/v6-m/nofp/libgcc.a(floatunsisf.o)
 .ARM.attributes
                0x000000000000045e       0x2c /home/joaomateus/gcc-arm-none-eabi-9-2020-q2-update/bin/../lib/gcc/arm-none-eabi/9.3.1/thumb/v6-m/nofp/libgcc.a(divdf3.o)
 .ARM.attributes
                0x000000000000048a       0x2c /home/joaomateus/gcc-arm-none-eabi-9-2020-q2-update/bin/../lib/gcc/arm-none-eabi/9.3.1/thumb/v6-m/nofp/libgcc.a(eqdf2.o)
 .ARM.attributes
                0x00000000000004b6       0x2c /home/joaomateus/gcc-arm-none-eabi-9-2020-q2-update/bin/../lib/gcc/arm-none-eabi/9.3.1/thumb/v6-m/nofp/libgcc.a(gedf2.o)
 .ARM.attributes
                0x00000000000004e2       0x2c /home/joaomateus/gcc-arm-none-eabi-9-2020-q2-update/bin/../lib/gcc/arm-none-eabi/9.3.1/thumb/v6-m/nofp/libgcc.a(ledf2.o)
 .ARM.attributes
                0x000000000000050e       0x2c /home/joaomateus/gcc-arm-none-eabi-9-2020-q2-update/bin/../lib/gcc/arm-none-eabi/9.3.1/thumb/v6-m/nofp/libgcc.a(muldf3.o)
 .ARM.attributes
                0x000000000000053a       0x2c /home/joaomateus/gcc-arm-none-eabi-9-2020-q2-update/bin/../lib/gcc/arm-none-eabi/9.3.1/thumb/v6-m/nofp/libgcc.a(subdf3.o)
 .ARM.attributes
                0x0000000000000566       0x2c /home/joaomateus/gcc-arm-none-eabi-9-2020-q2-update/bin/../lib/gcc/arm-none-eabi/9.3.1/thumb/v6-m/nofp/libgcc.a(fixdfsi.o)
 .ARM.attributes
                0x0000000000000592       0x2c /home/joaomateus/gcc-arm-none-eabi-9-2020-q2-update/bin/../lib/gcc/arm-none-eabi/9.3.1/thumb/v6-m/nofp/libgcc.a(floatsidf.o)
 .ARM.attributes
                0x00000000000005be       0x2c /home/joaomateus/gcc-arm-none-eabi-9-2020-q2-update/bin/../lib/gcc/arm-none-eabi/9.3.1/thumb/v6-m/nofp/libgcc.a(floatunsidf.o)
 .ARM.attributes
                0x00000000000005ea       0x2c /home/joaomateus/gcc-arm-none-eabi-9-2020-q2-update/bin/../lib/gcc/arm-none-eabi/9.3.1/thumb/v6-m/nofp/libgcc.a(extendsfdf2.o)
 .ARM.attributes
                0x0000000000000616       0x2c /home/joaomateus/gcc-arm-none-eabi-9-2020-q2-update/bin/../lib/gcc/arm-none-eabi/9.3.1/thumb/v6-m/nofp/libgcc.a(truncdfsf2.o)
 .ARM.attributes
                0x0000000000000642       0x1e /home/joaomateus/gcc-arm-none-eabi-9-2020-q2-update/bin/../lib/gcc/arm-none-eabi/9.3.1/thumb/v6-m/nofp/libgcc.a(_clzsi2.o)

.debug_frame    0x0000000000000000      0x82c
 .debug_frame   0x0000000000000000       0x28 main.o
 .debug_frame   0x0000000000000028       0x38 crt.o
 .debug_frame   0x0000000000000060       0x40 vtable.o
 .debug_frame   0x00000000000000a0       0x50 SYSTEM~1.o
 .debug_frame   0x00000000000000f0       0x7c gpio.o
 .debug_frame   0x000000000000016c       0x5c adc.o
 .debug_frame   0x00000000000001c8       0xb0 pwm.o
 .debug_frame   0x0000000000000278       0x34 timer.o
 .debug_frame   0x00000000000002ac       0xb4 uart.o
 .debug_frame   0x0000000000000360       0x28 sys_func.o
 .debug_frame   0x0000000000000388       0x28 sys_sens.o
 .debug_frame   0x00000000000003b0       0x20 /home/joaomateus/gcc-arm-none-eabi-9-2020-q2-update/bin/../lib/gcc/arm-none-eabi/9.3.1/thumb/v6-m/nofp/libgcc.a(_udivsi3.o)
 .debug_frame   0x00000000000003d0       0x20 /home/joaomateus/gcc-arm-none-eabi-9-2020-q2-update/bin/../lib/gcc/arm-none-eabi/9.3.1/thumb/v6-m/nofp/libgcc.a(_divsi3.o)
 .debug_frame   0x00000000000003f0       0x28 /home/joaomateus/gcc-arm-none-eabi-9-2020-q2-update/bin/../lib/gcc/arm-none-eabi/9.3.1/thumb/v6-m/nofp/libgcc.a(_fixunssfsi.o)
 .debug_frame   0x0000000000000418       0x2c /home/joaomateus/gcc-arm-none-eabi-9-2020-q2-update/bin/../lib/gcc/arm-none-eabi/9.3.1/thumb/v6-m/nofp/libgcc.a(_fixunsdfsi.o)
 .debug_frame   0x0000000000000444       0x38 /home/joaomateus/gcc-arm-none-eabi-9-2020-q2-update/bin/../lib/gcc/arm-none-eabi/9.3.1/thumb/v6-m/nofp/libgcc.a(divsf3.o)
 .debug_frame   0x000000000000047c       0x2c /home/joaomateus/gcc-arm-none-eabi-9-2020-q2-update/bin/../lib/gcc/arm-none-eabi/9.3.1/thumb/v6-m/nofp/libgcc.a(eqsf2.o)
 .debug_frame   0x00000000000004a8       0x30 /home/joaomateus/gcc-arm-none-eabi-9-2020-q2-update/bin/../lib/gcc/arm-none-eabi/9.3.1/thumb/v6-m/nofp/libgcc.a(gesf2.o)
 .debug_frame   0x00000000000004d8       0x30 /home/joaomateus/gcc-arm-none-eabi-9-2020-q2-update/bin/../lib/gcc/arm-none-eabi/9.3.1/thumb/v6-m/nofp/libgcc.a(lesf2.o)
 .debug_frame   0x0000000000000508       0x3c /home/joaomateus/gcc-arm-none-eabi-9-2020-q2-update/bin/../lib/gcc/arm-none-eabi/9.3.1/thumb/v6-m/nofp/libgcc.a(mulsf3.o)
 .debug_frame   0x0000000000000544       0x38 /home/joaomateus/gcc-arm-none-eabi-9-2020-q2-update/bin/../lib/gcc/arm-none-eabi/9.3.1/thumb/v6-m/nofp/libgcc.a(subsf3.o)
 .debug_frame   0x000000000000057c       0x20 /home/joaomateus/gcc-arm-none-eabi-9-2020-q2-update/bin/../lib/gcc/arm-none-eabi/9.3.1/thumb/v6-m/nofp/libgcc.a(fixsfsi.o)
 .debug_frame   0x000000000000059c       0x2c /home/joaomateus/gcc-arm-none-eabi-9-2020-q2-update/bin/../lib/gcc/arm-none-eabi/9.3.1/thumb/v6-m/nofp/libgcc.a(floatsisf.o)
 .debug_frame   0x00000000000005c8       0x2c /home/joaomateus/gcc-arm-none-eabi-9-2020-q2-update/bin/../lib/gcc/arm-none-eabi/9.3.1/thumb/v6-m/nofp/libgcc.a(floatunsisf.o)
 .debug_frame   0x00000000000005f4       0x3c /home/joaomateus/gcc-arm-none-eabi-9-2020-q2-update/bin/../lib/gcc/arm-none-eabi/9.3.1/thumb/v6-m/nofp/libgcc.a(divdf3.o)
 .debug_frame   0x0000000000000630       0x38 /home/joaomateus/gcc-arm-none-eabi-9-2020-q2-update/bin/../lib/gcc/arm-none-eabi/9.3.1/thumb/v6-m/nofp/libgcc.a(eqdf2.o)
 .debug_frame   0x0000000000000668       0x38 /home/joaomateus/gcc-arm-none-eabi-9-2020-q2-update/bin/../lib/gcc/arm-none-eabi/9.3.1/thumb/v6-m/nofp/libgcc.a(gedf2.o)
 .debug_frame   0x00000000000006a0       0x38 /home/joaomateus/gcc-arm-none-eabi-9-2020-q2-update/bin/../lib/gcc/arm-none-eabi/9.3.1/thumb/v6-m/nofp/libgcc.a(ledf2.o)
 .debug_frame   0x00000000000006d8       0x3c /home/joaomateus/gcc-arm-none-eabi-9-2020-q2-update/bin/../lib/gcc/arm-none-eabi/9.3.1/thumb/v6-m/nofp/libgcc.a(muldf3.o)
 .debug_frame   0x0000000000000714       0x3c /home/joaomateus/gcc-arm-none-eabi-9-2020-q2-update/bin/../lib/gcc/arm-none-eabi/9.3.1/thumb/v6-m/nofp/libgcc.a(subdf3.o)
 .debug_frame   0x0000000000000750       0x2c /home/joaomateus/gcc-arm-none-eabi-9-2020-q2-update/bin/../lib/gcc/arm-none-eabi/9.3.1/thumb/v6-m/nofp/libgcc.a(fixdfsi.o)
 .debug_frame   0x000000000000077c       0x2c /home/joaomateus/gcc-arm-none-eabi-9-2020-q2-update/bin/../lib/gcc/arm-none-eabi/9.3.1/thumb/v6-m/nofp/libgcc.a(floatsidf.o)
 .debug_frame   0x00000000000007a8       0x28 /home/joaomateus/gcc-arm-none-eabi-9-2020-q2-update/bin/../lib/gcc/arm-none-eabi/9.3.1/thumb/v6-m/nofp/libgcc.a(floatunsidf.o)
 .debug_frame   0x00000000000007d0       0x2c /home/joaomateus/gcc-arm-none-eabi-9-2020-q2-update/bin/../lib/gcc/arm-none-eabi/9.3.1/thumb/v6-m/nofp/libgcc.a(extendsfdf2.o)
 .debug_frame   0x00000000000007fc       0x30 /home/joaomateus/gcc-arm-none-eabi-9-2020-q2-update/bin/../lib/gcc/arm-none-eabi/9.3.1/thumb/v6-m/nofp/libgcc.a(truncdfsf2.o)

Cross Reference Table

Symbol                                            File
HardFault_Handler                                 vtable.o
IntDefaultHandler                                 vtable.o
NMI_Handler                                       vtable.o
ResetHandler                                      crt.o
                                                  vtable.o
SystemCoreClock                                   SYSTEM~1.o
SystemCoreClockUpdate                             SYSTEM~1.o
SystemInit                                        SYSTEM~1.o
                                                  crt.o
__REV                                             core_cm0.o
__REV16                                           core_cm0.o
__REVSH                                           core_cm0.o
__aeabi_cdcmpeq                                   /home/joaomateus/gcc-arm-none-eabi-9-2020-q2-update/bin/../lib/gcc/arm-none-eabi/9.3.1/thumb/v6-m/nofp/libgcc.a(_arm_cmpdf2.o)
__aeabi_cdcmple                                   /home/joaomateus/gcc-arm-none-eabi-9-2020-q2-update/bin/../lib/gcc/arm-none-eabi/9.3.1/thumb/v6-m/nofp/libgcc.a(_arm_cmpdf2.o)
__aeabi_cdrcmple                                  /home/joaomateus/gcc-arm-none-eabi-9-2020-q2-update/bin/../lib/gcc/arm-none-eabi/9.3.1/thumb/v6-m/nofp/libgcc.a(_arm_cmpdf2.o)
__aeabi_cfcmpeq                                   /home/joaomateus/gcc-arm-none-eabi-9-2020-q2-update/bin/../lib/gcc/arm-none-eabi/9.3.1/thumb/v6-m/nofp/libgcc.a(_arm_cmpsf2.o)
__aeabi_cfcmple                                   /home/joaomateus/gcc-arm-none-eabi-9-2020-q2-update/bin/../lib/gcc/arm-none-eabi/9.3.1/thumb/v6-m/nofp/libgcc.a(_arm_cmpsf2.o)
__aeabi_cfrcmple                                  /home/joaomateus/gcc-arm-none-eabi-9-2020-q2-update/bin/../lib/gcc/arm-none-eabi/9.3.1/thumb/v6-m/nofp/libgcc.a(_arm_cmpsf2.o)
__aeabi_d2f                                       /home/joaomateus/gcc-arm-none-eabi-9-2020-q2-update/bin/../lib/gcc/arm-none-eabi/9.3.1/thumb/v6-m/nofp/libgcc.a(truncdfsf2.o)
                                                  sys_sens.o
                                                  uart.o
__aeabi_d2iz                                      /home/joaomateus/gcc-arm-none-eabi-9-2020-q2-update/bin/../lib/gcc/arm-none-eabi/9.3.1/thumb/v6-m/nofp/libgcc.a(fixdfsi.o)
                                                  /home/joaomateus/gcc-arm-none-eabi-9-2020-q2-update/bin/../lib/gcc/arm-none-eabi/9.3.1/thumb/v6-m/nofp/libgcc.a(_fixunsdfsi.o)
                                                  uart.o
__aeabi_d2uiz                                     /home/joaomateus/gcc-arm-none-eabi-9-2020-q2-update/bin/../lib/gcc/arm-none-eabi/9.3.1/thumb/v6-m/nofp/libgcc.a(_fixunsdfsi.o)
                                                  pwm.o
__aeabi_dcmpeq                                    /home/joaomateus/gcc-arm-none-eabi-9-2020-q2-update/bin/../lib/gcc/arm-none-eabi/9.3.1/thumb/v6-m/nofp/libgcc.a(_arm_cmpdf2.o)
__aeabi_dcmpge                                    /home/joaomateus/gcc-arm-none-eabi-9-2020-q2-update/bin/../lib/gcc/arm-none-eabi/9.3.1/thumb/v6-m/nofp/libgcc.a(_arm_cmpdf2.o)
                                                  /home/joaomateus/gcc-arm-none-eabi-9-2020-q2-update/bin/../lib/gcc/arm-none-eabi/9.3.1/thumb/v6-m/nofp/libgcc.a(_fixunsdfsi.o)
__aeabi_dcmpgt                                    /home/joaomateus/gcc-arm-none-eabi-9-2020-q2-update/bin/../lib/gcc/arm-none-eabi/9.3.1/thumb/v6-m/nofp/libgcc.a(_arm_cmpdf2.o)
                                                  uart.o
__aeabi_dcmple                                    /home/joaomateus/gcc-arm-none-eabi-9-2020-q2-update/bin/../lib/gcc/arm-none-eabi/9.3.1/thumb/v6-m/nofp/libgcc.a(_arm_cmpdf2.o)
__aeabi_dcmplt                                    /home/joaomateus/gcc-arm-none-eabi-9-2020-q2-update/bin/../lib/gcc/arm-none-eabi/9.3.1/thumb/v6-m/nofp/libgcc.a(_arm_cmpdf2.o)
__aeabi_ddiv                                      /home/joaomateus/gcc-arm-none-eabi-9-2020-q2-update/bin/../lib/gcc/arm-none-eabi/9.3.1/thumb/v6-m/nofp/libgcc.a(divdf3.o)
                                                  sys_sens.o
                                                  uart.o
__aeabi_dmul                                      /home/joaomateus/gcc-arm-none-eabi-9-2020-q2-update/bin/../lib/gcc/arm-none-eabi/9.3.1/thumb/v6-m/nofp/libgcc.a(muldf3.o)
                                                  sys_sens.o
                                                  uart.o
__aeabi_dsub                                      /home/joaomateus/gcc-arm-none-eabi-9-2020-q2-update/bin/../lib/gcc/arm-none-eabi/9.3.1/thumb/v6-m/nofp/libgcc.a(subdf3.o)
                                                  /home/joaomateus/gcc-arm-none-eabi-9-2020-q2-update/bin/../lib/gcc/arm-none-eabi/9.3.1/thumb/v6-m/nofp/libgcc.a(_fixunsdfsi.o)
                                                  pwm.o
__aeabi_f2d                                       /home/joaomateus/gcc-arm-none-eabi-9-2020-q2-update/bin/../lib/gcc/arm-none-eabi/9.3.1/thumb/v6-m/nofp/libgcc.a(extendsfdf2.o)
                                                  uart.o
__aeabi_f2iz                                      /home/joaomateus/gcc-arm-none-eabi-9-2020-q2-update/bin/../lib/gcc/arm-none-eabi/9.3.1/thumb/v6-m/nofp/libgcc.a(fixsfsi.o)
                                                  /home/joaomateus/gcc-arm-none-eabi-9-2020-q2-update/bin/../lib/gcc/arm-none-eabi/9.3.1/thumb/v6-m/nofp/libgcc.a(_fixunssfsi.o)
                                                  uart.o
__aeabi_f2uiz                                     /home/joaomateus/gcc-arm-none-eabi-9-2020-q2-update/bin/../lib/gcc/arm-none-eabi/9.3.1/thumb/v6-m/nofp/libgcc.a(_fixunssfsi.o)
                                                  pwm.o
__aeabi_fcmpeq                                    /home/joaomateus/gcc-arm-none-eabi-9-2020-q2-update/bin/../lib/gcc/arm-none-eabi/9.3.1/thumb/v6-m/nofp/libgcc.a(_arm_cmpsf2.o)
                                                  uart.o
__aeabi_fcmpge                                    /home/joaomateus/gcc-arm-none-eabi-9-2020-q2-update/bin/../lib/gcc/arm-none-eabi/9.3.1/thumb/v6-m/nofp/libgcc.a(_arm_cmpsf2.o)
                                                  /home/joaomateus/gcc-arm-none-eabi-9-2020-q2-update/bin/../lib/gcc/arm-none-eabi/9.3.1/thumb/v6-m/nofp/libgcc.a(_fixunssfsi.o)
__aeabi_fcmpgt                                    /home/joaomateus/gcc-arm-none-eabi-9-2020-q2-update/bin/../lib/gcc/arm-none-eabi/9.3.1/thumb/v6-m/nofp/libgcc.a(_arm_cmpsf2.o)
__aeabi_fcmple                                    /home/joaomateus/gcc-arm-none-eabi-9-2020-q2-update/bin/../lib/gcc/arm-none-eabi/9.3.1/thumb/v6-m/nofp/libgcc.a(_arm_cmpsf2.o)
__aeabi_fcmplt                                    /home/joaomateus/gcc-arm-none-eabi-9-2020-q2-update/bin/../lib/gcc/arm-none-eabi/9.3.1/thumb/v6-m/nofp/libgcc.a(_arm_cmpsf2.o)
                                                  uart.o
__aeabi_fdiv                                      /home/joaomateus/gcc-arm-none-eabi-9-2020-q2-update/bin/../lib/gcc/arm-none-eabi/9.3.1/thumb/v6-m/nofp/libgcc.a(divsf3.o)
                                                  pwm.o
__aeabi_fmul                                      /home/joaomateus/gcc-arm-none-eabi-9-2020-q2-update/bin/../lib/gcc/arm-none-eabi/9.3.1/thumb/v6-m/nofp/libgcc.a(mulsf3.o)
                                                  pwm.o
__aeabi_fsub                                      /home/joaomateus/gcc-arm-none-eabi-9-2020-q2-update/bin/../lib/gcc/arm-none-eabi/9.3.1/thumb/v6-m/nofp/libgcc.a(subsf3.o)
                                                  /home/joaomateus/gcc-arm-none-eabi-9-2020-q2-update/bin/../lib/gcc/arm-none-eabi/9.3.1/thumb/v6-m/nofp/libgcc.a(_fixunssfsi.o)
                                                  uart.o
                                                  pwm.o
__aeabi_i2d                                       /home/joaomateus/gcc-arm-none-eabi-9-2020-q2-update/bin/../lib/gcc/arm-none-eabi/9.3.1/thumb/v6-m/nofp/libgcc.a(floatsidf.o)
                                                  sys_sens.o
                                                  uart.o
__aeabi_i2f                                       /home/joaomateus/gcc-arm-none-eabi-9-2020-q2-update/bin/../lib/gcc/arm-none-eabi/9.3.1/thumb/v6-m/nofp/libgcc.a(floatsisf.o)
                                                  uart.o
__aeabi_idiv                                      /home/joaomateus/gcc-arm-none-eabi-9-2020-q2-update/bin/../lib/gcc/arm-none-eabi/9.3.1/thumb/v6-m/nofp/libgcc.a(_divsi3.o)
                                                  uart.o
__aeabi_idiv0                                     /home/joaomateus/gcc-arm-none-eabi-9-2020-q2-update/bin/../lib/gcc/arm-none-eabi/9.3.1/thumb/v6-m/nofp/libgcc.a(_dvmd_tls.o)
                                                  /home/joaomateus/gcc-arm-none-eabi-9-2020-q2-update/bin/../lib/gcc/arm-none-eabi/9.3.1/thumb/v6-m/nofp/libgcc.a(_divsi3.o)
                                                  /home/joaomateus/gcc-arm-none-eabi-9-2020-q2-update/bin/../lib/gcc/arm-none-eabi/9.3.1/thumb/v6-m/nofp/libgcc.a(_udivsi3.o)
__aeabi_idivmod                                   /home/joaomateus/gcc-arm-none-eabi-9-2020-q2-update/bin/../lib/gcc/arm-none-eabi/9.3.1/thumb/v6-m/nofp/libgcc.a(_divsi3.o)
                                                  uart.o
__aeabi_ldiv0                                     /home/joaomateus/gcc-arm-none-eabi-9-2020-q2-update/bin/../lib/gcc/arm-none-eabi/9.3.1/thumb/v6-m/nofp/libgcc.a(_dvmd_tls.o)
__aeabi_ui2d                                      /home/joaomateus/gcc-arm-none-eabi-9-2020-q2-update/bin/../lib/gcc/arm-none-eabi/9.3.1/thumb/v6-m/nofp/libgcc.a(floatunsidf.o)
                                                  pwm.o
__aeabi_ui2f                                      /home/joaomateus/gcc-arm-none-eabi-9-2020-q2-update/bin/../lib/gcc/arm-none-eabi/9.3.1/thumb/v6-m/nofp/libgcc.a(floatunsisf.o)
                                                  pwm.o
__aeabi_uidiv                                     /home/joaomateus/gcc-arm-none-eabi-9-2020-q2-update/bin/../lib/gcc/arm-none-eabi/9.3.1/thumb/v6-m/nofp/libgcc.a(_udivsi3.o)
                                                  pwm.o
                                                  SYSTEM~1.o
__aeabi_uidivmod                                  /home/joaomateus/gcc-arm-none-eabi-9-2020-q2-update/bin/../lib/gcc/arm-none-eabi/9.3.1/thumb/v6-m/nofp/libgcc.a(_udivsi3.o)
                                                  /home/joaomateus/gcc-arm-none-eabi-9-2020-q2-update/bin/../lib/gcc/arm-none-eabi/9.3.1/thumb/v6-m/nofp/libgcc.a(divdf3.o)
                                                  gpio.o
__clzsi2                                          /home/joaomateus/gcc-arm-none-eabi-9-2020-q2-update/bin/../lib/gcc/arm-none-eabi/9.3.1/thumb/v6-m/nofp/libgcc.a(_clzsi2.o)
                                                  /home/joaomateus/gcc-arm-none-eabi-9-2020-q2-update/bin/../lib/gcc/arm-none-eabi/9.3.1/thumb/v6-m/nofp/libgcc.a(extendsfdf2.o)
                                                  /home/joaomateus/gcc-arm-none-eabi-9-2020-q2-update/bin/../lib/gcc/arm-none-eabi/9.3.1/thumb/v6-m/nofp/libgcc.a(floatunsidf.o)
                                                  /home/joaomateus/gcc-arm-none-eabi-9-2020-q2-update/bin/../lib/gcc/arm-none-eabi/9.3.1/thumb/v6-m/nofp/libgcc.a(floatsidf.o)
                                                  /home/joaomateus/gcc-arm-none-eabi-9-2020-q2-update/bin/../lib/gcc/arm-none-eabi/9.3.1/thumb/v6-m/nofp/libgcc.a(subdf3.o)
                                                  /home/joaomateus/gcc-arm-none-eabi-9-2020-q2-update/bin/../lib/gcc/arm-none-eabi/9.3.1/thumb/v6-m/nofp/libgcc.a(muldf3.o)
                                                  /home/joaomateus/gcc-arm-none-eabi-9-2020-q2-update/bin/../lib/gcc/arm-none-eabi/9.3.1/thumb/v6-m/nofp/libgcc.a(divdf3.o)
                                                  /home/joaomateus/gcc-arm-none-eabi-9-2020-q2-update/bin/../lib/gcc/arm-none-eabi/9.3.1/thumb/v6-m/nofp/libgcc.a(floatunsisf.o)
                                                  /home/joaomateus/gcc-arm-none-eabi-9-2020-q2-update/bin/../lib/gcc/arm-none-eabi/9.3.1/thumb/v6-m/nofp/libgcc.a(floatsisf.o)
                                                  /home/joaomateus/gcc-arm-none-eabi-9-2020-q2-update/bin/../lib/gcc/arm-none-eabi/9.3.1/thumb/v6-m/nofp/libgcc.a(subsf3.o)
                                                  /home/joaomateus/gcc-arm-none-eabi-9-2020-q2-update/bin/../lib/gcc/arm-none-eabi/9.3.1/thumb/v6-m/nofp/libgcc.a(mulsf3.o)
                                                  /home/joaomateus/gcc-arm-none-eabi-9-2020-q2-update/bin/../lib/gcc/arm-none-eabi/9.3.1/thumb/v6-m/nofp/libgcc.a(divsf3.o)
__divsi3                                          /home/joaomateus/gcc-arm-none-eabi-9-2020-q2-update/bin/../lib/gcc/arm-none-eabi/9.3.1/thumb/v6-m/nofp/libgcc.a(_divsi3.o)
__eqdf2                                           /home/joaomateus/gcc-arm-none-eabi-9-2020-q2-update/bin/../lib/gcc/arm-none-eabi/9.3.1/thumb/v6-m/nofp/libgcc.a(eqdf2.o)
                                                  /home/joaomateus/gcc-arm-none-eabi-9-2020-q2-update/bin/../lib/gcc/arm-none-eabi/9.3.1/thumb/v6-m/nofp/libgcc.a(_arm_cmpdf2.o)
__eqsf2                                           /home/joaomateus/gcc-arm-none-eabi-9-2020-q2-update/bin/../lib/gcc/arm-none-eabi/9.3.1/thumb/v6-m/nofp/libgcc.a(eqsf2.o)
                                                  /home/joaomateus/gcc-arm-none-eabi-9-2020-q2-update/bin/../lib/gcc/arm-none-eabi/9.3.1/thumb/v6-m/nofp/libgcc.a(_arm_cmpsf2.o)
__fixunsdfsi                                      /home/joaomateus/gcc-arm-none-eabi-9-2020-q2-update/bin/../lib/gcc/arm-none-eabi/9.3.1/thumb/v6-m/nofp/libgcc.a(_fixunsdfsi.o)
__fixunssfsi                                      /home/joaomateus/gcc-arm-none-eabi-9-2020-q2-update/bin/../lib/gcc/arm-none-eabi/9.3.1/thumb/v6-m/nofp/libgcc.a(_fixunssfsi.o)
__gedf2                                           /home/joaomateus/gcc-arm-none-eabi-9-2020-q2-update/bin/../lib/gcc/arm-none-eabi/9.3.1/thumb/v6-m/nofp/libgcc.a(gedf2.o)
                                                  /home/joaomateus/gcc-arm-none-eabi-9-2020-q2-update/bin/../lib/gcc/arm-none-eabi/9.3.1/thumb/v6-m/nofp/libgcc.a(_arm_cmpdf2.o)
__gesf2                                           /home/joaomateus/gcc-arm-none-eabi-9-2020-q2-update/bin/../lib/gcc/arm-none-eabi/9.3.1/thumb/v6-m/nofp/libgcc.a(gesf2.o)
                                                  /home/joaomateus/gcc-arm-none-eabi-9-2020-q2-update/bin/../lib/gcc/arm-none-eabi/9.3.1/thumb/v6-m/nofp/libgcc.a(_arm_cmpsf2.o)
__get_CONTROL                                     core_cm0.o
__get_MSP                                         core_cm0.o
__get_PRIMASK                                     core_cm0.o
__get_PSP                                         core_cm0.o
__gtdf2                                           /home/joaomateus/gcc-arm-none-eabi-9-2020-q2-update/bin/../lib/gcc/arm-none-eabi/9.3.1/thumb/v6-m/nofp/libgcc.a(gedf2.o)
__gtsf2                                           /home/joaomateus/gcc-arm-none-eabi-9-2020-q2-update/bin/../lib/gcc/arm-none-eabi/9.3.1/thumb/v6-m/nofp/libgcc.a(gesf2.o)
__ledf2                                           /home/joaomateus/gcc-arm-none-eabi-9-2020-q2-update/bin/../lib/gcc/arm-none-eabi/9.3.1/thumb/v6-m/nofp/libgcc.a(ledf2.o)
                                                  /home/joaomateus/gcc-arm-none-eabi-9-2020-q2-update/bin/../lib/gcc/arm-none-eabi/9.3.1/thumb/v6-m/nofp/libgcc.a(_arm_cmpdf2.o)
__lesf2                                           /home/joaomateus/gcc-arm-none-eabi-9-2020-q2-update/bin/../lib/gcc/arm-none-eabi/9.3.1/thumb/v6-m/nofp/libgcc.a(lesf2.o)
                                                  /home/joaomateus/gcc-arm-none-eabi-9-2020-q2-update/bin/../lib/gcc/arm-none-eabi/9.3.1/thumb/v6-m/nofp/libgcc.a(_arm_cmpsf2.o)
__ltdf2                                           /home/joaomateus/gcc-arm-none-eabi-9-2020-q2-update/bin/../lib/gcc/arm-none-eabi/9.3.1/thumb/v6-m/nofp/libgcc.a(ledf2.o)
__ltsf2                                           /home/joaomateus/gcc-arm-none-eabi-9-2020-q2-update/bin/../lib/gcc/arm-none-eabi/9.3.1/thumb/v6-m/nofp/libgcc.a(lesf2.o)
__nedf2                                           /home/joaomateus/gcc-arm-none-eabi-9-2020-q2-update/bin/../lib/gcc/arm-none-eabi/9.3.1/thumb/v6-m/nofp/libgcc.a(eqdf2.o)
__nesf2                                           /home/joaomateus/gcc-arm-none-eabi-9-2020-q2-update/bin/../lib/gcc/arm-none-eabi/9.3.1/thumb/v6-m/nofp/libgcc.a(eqsf2.o)
__set_CONTROL                                     core_cm0.o
__set_MSP                                         core_cm0.o
__set_PRIMASK                                     core_cm0.o
__set_PSP                                         core_cm0.o
__udivsi3                                         /home/joaomateus/gcc-arm-none-eabi-9-2020-q2-update/bin/../lib/gcc/arm-none-eabi/9.3.1/thumb/v6-m/nofp/libgcc.a(_udivsi3.o)
_ebss                                             crt.o
_edata                                            crt.o
_estack                                           vtable.o
_etext                                            crt.o
_sbss                                             crt.o
_sdata                                            crt.o
_stext                                            crt.o
delay_MS                                          timer.o
                                                  uart.o
                                                  main.o
expoente                                          uart.o
gVectors                                          vtable.o
get_duty_cycle                                    pwm.o
get_lux_LDR                                       sys_sens.o
                                                  main.o
get_period                                        pwm.o
init_ADC                                          adc.o
                                                  sys_func.o
init_GPIO                                         gpio.o
                                                  sys_func.o
init_PWM                                          pwm.o
                                                  sys_func.o
init_TIMER_0                                      timer.o
                                                  sys_func.o
init_UART                                         uart.o
                                                  sys_func.o
init_system                                       sys_func.o
                                                  main.o
main                                              main.o
                                                  crt.o
printf_float                                      uart.o
                                                  main.o
printf_int                                        uart.o
printf_string                                     uart.o
read_ADC                                          adc.o
                                                  sys_sens.o
read_digital_gpio                                 gpio.o
recv_UART                                         uart.o
select_ADC_channel                                adc.o
                                                  sys_sens.o
send_UART                                         uart.o
                                                  main.o
set_DIR                                           gpio.o
set_duty_cycle                                    pwm.o
set_period                                        pwm.o
start_ADC                                         adc.o
                                                  sys_func.o
start_PWM                                         pwm.o
stop_PWM                                          pwm.o
write_digital_gpio                                gpio.o
